<html>
<body>
<pre>
<h1>µVision Build Log</h1>
<h2>Tool Versions:</h2>
IDE-Version: ¶ÃVision V5.15
Copyright (C) 2015 ARM Ltd and ARM Germany GmbH. All rights reserved.
License Information: YTAO Microsoft, Microsoft, LIC=IC9UH-WY3Z4-TJ16H-W2LHU-W9ZMN-LSGAX
 
Tool Versions:
Toolchain:       MDK-ARM Professional  Version: 5.15.0
Toolchain Path:  C:\Keil_v5\ARM\ARMCC\Bin
C Compiler:      Armcc.exe V5.05 update 2 (build 169)
Assembler:       Armasm.exe V5.05 update 2 (build 169)
Linker/Locator:  ArmLink.exe V5.05 update 2 (build 169)
Library Manager: ArmAr.exe V5.05 update 2 (build 169)
Hex Converter:   FromElf.exe V5.05 update 2 (build 169)
CPU DLL:         SARMCM3.DLL V5.15.0
Dialog DLL:      DCM.DLL V1.13.2.0
Target DLL:      Segger\JL2CM3.dll V2.99.15.0
Dialog DLL:      TCM.DLL V1.14.5.0
 
<h2>Project:</h2>
D:\fly\Hawk A keil∞Ê≤‚ ‘¥˙¬Î\STM32F427\User\Demo.uvprojx
Project File Date:  04/12/2016

<h2>Output:</h2>
*** Using Compiler 'V5.05 update 2 (build 169)', folder: 'C:\Keil_v5\ARM\ARMCC\Bin'
Rebuild target 'Demo'
compiling system_stm32f4xx.c...
assembling startup_stm32f427_437xx.s...
compiling main.c...
..\BSP\uart.h(35): warning:  #1295-D: Deprecated declaration OutPut_Data - give arg types
  void OutPut_Data();
main.c: 1 warning, 0 errors
compiling stm32f4xx_it.c...
compiling misc.c...
compiling stm32f4xx_gpio.c...
compiling stm32f4xx_rcc.c...
compiling stm32f4xx_usart.c...
compiling stm32f4xx_spi.c...
compiling stm32f4xx_sdio.c...
compiling stm32f4xx_tim.c...
compiling stm32f4xx_dma.c...
compiling stm32f4xx_adc.c...
compiling stm32f4xx_can.c...
compiling stm32f4xx_crc.c...
compiling stm32f4xx_cryp.c...
compiling stm32f4xx_cryp_aes.c...
compiling stm32f4xx_cryp_des.c...
compiling stm32f4xx_cryp_tdes.c...
compiling stm32f4xx_dac.c...
compiling stm32f4xx_dbgmcu.c...
compiling stm32f4xx_dcmi.c...
compiling stm32f4xx_dma2d.c...
compiling stm32f4xx_exti.c...
compiling stm32f4xx_flash.c...
compiling stm32f4xx_hash.c...
compiling stm32f4xx_hash_md5.c...
compiling stm32f4xx_hash_sha1.c...
compiling stm32f4xx_i2c.c...
compiling stm32f4xx_iwdg.c...
compiling stm32f4xx_ltdc.c...
compiling stm32f4xx_pwr.c...
compiling stm32f4xx_rng.c...
compiling stm32f4xx_rtc.c...
compiling stm32f4xx_sai.c...
compiling stm32f4xx_syscfg.c...
compiling stm32f4xx_wwdg.c...
compiling spi.c...
compiling uart.c...
..\BSP\uart.h(35): warning:  #1295-D: Deprecated declaration OutPut_Data - give arg types
  void OutPut_Data();
..\BSP\uart.c(20): warning:  #177-D: variable "NVIC_InitStructure" was declared but never referenced
                NVIC_InitTypeDef NVIC_InitStructure; 
..\BSP\uart.c: 2 warnings, 0 errors
compiling mpu6000.c...
..\BSP\uart.h(35): warning:  #1295-D: Deprecated declaration OutPut_Data - give arg types
  void OutPut_Data();
..\BSP\mpu6000.c(270): warning:  #177-D: variable "Acce_reference_X" was declared but never referenced
                int16_t         Acce_reference_X=-200,Acce_reference_Y=33,Acce_reference_Z=-8000;
..\BSP\mpu6000.c(270): warning:  #177-D: variable "Acce_reference_Y" was declared but never referenced
                int16_t         Acce_reference_X=-200,Acce_reference_Y=33,Acce_reference_Z=-8000;
..\BSP\mpu6000.c(270): warning:  #177-D: variable "Acce_reference_Z" was declared but never referenced
                int16_t         Acce_reference_X=-200,Acce_reference_Y=33,Acce_reference_Z=-8000;
..\BSP\mpu6000.c: 4 warnings, 0 errors
compiling sys.c...
compiling delay.c...
compiling ms5611.c...
..\BSP\ms5611.c(125): warning:  #177-D: function "MS5611_Calculate" was declared but never referenced
  static void MS5611_Calculate(s32* T, s32 *P)
..\BSP\ms5611.c: 1 warning, 0 errors
compiling tim.c...
..\BSP\uart.h(35): warning:  #1295-D: Deprecated declaration OutPut_Data - give arg types
  void OutPut_Data();
..\BSP\tim.c(78): warning:  #1035-D: single-precision operand implicitly converted to double-precision
                Gyro_sensor.radian[0]=Gyro_sensor.Filter[0]*
yro_Gr;
..\BSP\tim.c(79): warning:  #1035-D: single-precision operand implicitly converted to double-precision
                Gyro_sensor.radian[1]=Gyro_sensor.Filter[1]*
yro_Gr;
..\BSP\tim.c(80): warning:  #1035-D: single-precision operand implicitly converted to double-precision
                Gyro_sensor.radian[2]=Gyro_sensor.Filter[2]*
yro_Gr;
..\BSP\tim.c: 4 warnings, 0 errors
compiling sdio_sdcard.c...
..\BSP\uart.h(35): warning:  #1295-D: Deprecated declaration OutPut_Data - give arg types
  void OutPut_Data();
..\BSP\sdio_sdcard.c: 1 warning, 0 errors
compiling led.c...
compiling l3gd20h.c...
compiling lsm303d.c...
compiling spi2.c...
compiling fm25v01.c...
compiling TCA62724.c...
compiling communication.c...
..\BSP\uart.h(35): warning:  #1295-D: Deprecated declaration OutPut_Data - give arg types
  void OutPut_Data();
..\BSP\communication.c(29): warning:  #177-D: variable "DMA_InitStructure" was declared but never referenced
                        DMA_InitTypeDef  DMA_InitStructure;
..\BSP\communication.c: 2 warnings, 0 errors
compiling bsp.c...
..\BSP\uart.h(35): warning:  #1295-D: Deprecated declaration OutPut_Data - give arg types
  void OutPut_Data();
..\BSP\bsp.c: 1 warning, 0 errors
compiling diskio.c...
compiling ff.c...
compiling cc936.c...
compiling exfuns.c...
..\BSP\uart.h(35): warning:  #1295-D: Deprecated declaration OutPut_Data - give arg types
  void OutPut_Data();
..\FATFS\exfuns\exfuns.c: 1 warning, 0 errors
compiling fattester.c...
..\BSP\uart.h(35): warning:  #1295-D: Deprecated declaration OutPut_Data - give arg types
  void OutPut_Data();
..\FATFS\exfuns\fattester.c: 1 warning, 0 errors
compiling malloc.c...
compiling Filtering_Algorithm.c...
..\Algorithm\Filtering_Algorithm.c(102): warning:  #1-D: last line of file ends without a newline
  }
..\Algorithm\Filtering_Algorithm.c: 1 warning, 0 errors
compiling Attitude_Algorithm.c...
..\BSP\uart.h(35): warning:  #1295-D: Deprecated declaration OutPut_Data - give arg types
  void OutPut_Data();
..\Algorithm\Attitude_Algorithm.c(57): warning:  #1035-D: single-precision operand implicitly converted to double-precision
                        err_Int_x = err_Int_x + Err_X * 
iDef;
..\Algorithm\Attitude_Algorithm.c(58): warning:  #1035-D: single-precision operand implicitly converted to double-precision
                        err_Int_y = err_Int_y + Err_Y * 
iDef;
..\Algorithm\Attitude_Algorithm.c(59): warning:  #1035-D: single-precision operand implicitly converted to double-precision
                        err_Int_z = err_Int_z + Err_Z * 
iDef;
..\Algorithm\Attitude_Algorithm.c: 4 warnings, 0 errors
compiling Math_Algorithm.c...
..\Algorithm\Math_Algorithm.c(61): warning:  #1035-D: single-precision operand implicitly converted to double-precision
        result = 1 - 1.667 * error;
..\Algorithm\Math_Algorithm.c: 1 warning, 0 errors
compiling Control_Algorithm.c...
..\BSP\uart.h(35): warning:  #1295-D: Deprecated declaration OutPut_Data - give arg types
  void OutPut_Data();
..\Algorithm\Control_Algorithm.c(226): warning:  #1035-D: single-precision operand implicitly converted to double-precision
                Inside_link.Pitch_ErrNow=(Outside_link.Pitch_CtrOut-Gyro_sensor.radian[1]*
tA);
..\Algorithm\Control_Algorithm.c(235): warning:  #1035-D: single-precision operand implicitly converted to double-precision
                Inside_link.Roll_ErrNow=(Outside_link.Roll_CtrOut-Gyro_sensor.radian[0]*
tA);
..\Algorithm\Control_Algorithm.c(244): warning:  #1035-D: single-precision operand implicitly converted to double-precision
                Inside_link.Yaw_ErrNow=(Outside_link.Yaw_CtrOut-Gyro_sensor.radian[2]*
tA);
..\Algorithm\Control_Algorithm.c: 4 warnings, 0 errors
linking...
Program Size: Code=32436 RO-data=700 RW-data=1256 ZI-data=1112384  
".\Objects\Demo.axf" - 0 Error(s), 28 Warning(s).

<h2>Collection of Component include folders:</h2>
  D:\fly\Hawk A keil∞Ê≤‚ ‘¥˙¬Î\STM32F427\User\RTE
  C:\Keil_v5\ARM\PACK\Keil\STM32F4xx_DFP\2.6.0\Drivers\CMSIS\Device\ST\STM32F4xx\Include

<h2>Collection of Component Files used:</h2>
</pre>
</body>
</html>
