Component: ARM Compiler 5.05 update 2 (build 169) Tool: armlink [4d0f33]

==============================================================================

Section Cross References

    startup_stm32f10x_hd.o(RESET) refers to startup_stm32f10x_hd.o(STACK) for __initial_sp
    startup_stm32f10x_hd.o(RESET) refers to startup_stm32f10x_hd.o(.text) for Reset_Handler
    startup_stm32f10x_hd.o(RESET) refers to stm32f10x_it.o(.text) for NMI_Handler
    startup_stm32f10x_hd.o(RESET) refers to tim_pwm_in.o(.text) for TIM4_IRQHandler
    startup_stm32f10x_hd.o(RESET) refers to ppm.o(.text) for USART1_IRQHandler
    startup_stm32f10x_hd.o(.text) refers to system_stm32f10x.o(.text) for SystemInit
    startup_stm32f10x_hd.o(.text) refers to entry.o(.ARM.Collect$$$$00000000) for __main
    system_stm32f10x.o(.text) refers to system_stm32f10x.o(.data) for SystemCoreClock
    stm32f10x_adc.o(.text) refers to stm32f10x_rcc.o(.text) for RCC_APB2PeriphResetCmd
    stm32f10x_bkp.o(.text) refers to stm32f10x_rcc.o(.text) for RCC_BackupResetCmd
    stm32f10x_can.o(.text) refers to stm32f10x_rcc.o(.text) for RCC_APB1PeriphResetCmd
    stm32f10x_cec.o(.text) refers to stm32f10x_rcc.o(.text) for RCC_APB1PeriphResetCmd
    stm32f10x_dac.o(.text) refers to stm32f10x_rcc.o(.text) for RCC_APB1PeriphResetCmd
    stm32f10x_gpio.o(.text) refers to stm32f10x_rcc.o(.text) for RCC_APB2PeriphResetCmd
    stm32f10x_i2c.o(.text) refers to stm32f10x_rcc.o(.text) for RCC_APB1PeriphResetCmd
    stm32f10x_pwr.o(.text) refers to stm32f10x_rcc.o(.text) for RCC_APB1PeriphResetCmd
    stm32f10x_rcc.o(.text) refers to stm32f10x_rcc.o(.data) for APBAHBPrescTable
    stm32f10x_spi.o(.text) refers to stm32f10x_rcc.o(.text) for RCC_APB2PeriphResetCmd
    stm32f10x_tim.o(.text) refers to stm32f10x_rcc.o(.text) for RCC_APB2PeriphResetCmd
    stm32f10x_usart.o(.text) refers to stm32f10x_rcc.o(.text) for RCC_APB2PeriphResetCmd
    stm32f10x_wwdg.o(.text) refers to stm32f10x_rcc.o(.text) for RCC_APB1PeriphResetCmd
    main.o(.text) refers to app.o(.text) for IAC_Init
    main.o(.text) refers to led.o(.text) for LED_Power
    main.o(.text) refers to page.o(.text) for OLED_Display
    main.o(.text) refers to oled.o(.text) for Dis_Char
    main.o(.text) refers to ppm.o(.data) for PPM_to_F4_BUF
    stm32f10x_it.o(.text) refers to stm32f10x_it.o(.data) for RxState
    stm32f10x_it.o(.text) refers to stm32f10x_it.o(.bss) for RxBUffer
    led.o(.text) refers to stm32f10x_rcc.o(.text) for RCC_APB2PeriphClockCmd
    led.o(.text) refers to stm32f10x_gpio.o(.text) for GPIO_Init
    led.o(.text) refers to delay.o(.text) for delay_ms
    key.o(.text) refers to stm32f10x_rcc.o(.text) for RCC_APB2PeriphClockCmd
    key.o(.text) refers to stm32f10x_gpio.o(.text) for GPIO_Init
    key.o(.text) refers to delay.o(.text) for delay_ms
    oled.o(.text) refers to stm32f10x_gpio.o(.text) for GPIO_SetBits
    oled.o(.text) refers to stm32f10x_rcc.o(.text) for RCC_APB2PeriphClockCmd
    oled.o(.text) refers to cdcmple.o(.text) for __aeabi_cdcmple
    oled.o(.text) refers to dfixi.o(.text) for __aeabi_d2iz
    oled.o(.text) refers to dflti.o(.text) for __aeabi_i2d
    oled.o(.text) refers to dadd.o(.text) for __aeabi_drsub
    oled.o(.text) refers to dmul.o(.text) for __aeabi_dmul
    oled.o(.text) refers to dfixui.o(.text) for __aeabi_d2uiz
    oled.o(.text) refers to dfltui.o(.text) for __aeabi_ui2d
    oled.o(.text) refers to oled.o(.constdata) for F6x8
    time.o(.text) refers to misc.o(.text) for NVIC_Init
    delay.o(.text) refers to delay.o(.data) for fac_us
    tim_pwm_in.o(.text) refers to stm32f10x_rcc.o(.text) for RCC_APB1PeriphClockCmd
    tim_pwm_in.o(.text) refers to stm32f10x_tim.o(.text) for TIM_TimeBaseInit
    tim_pwm_in.o(.text) refers to misc.o(.text) for NVIC_Init
    tim_pwm_in.o(.text) refers to tim_pwm_in.o(.data) for time_5_ms
    page.o(.text) refers to oled.o(.text) for OLED_P6x8Str
    page.o(.text) refers to fflti.o(.text) for __aeabi_i2f
    page.o(.text) refers to fdiv.o(.text) for __aeabi_fdiv
    page.o(.text) refers to f2d.o(.text) for __aeabi_f2d
    page.o(.text) refers to key.o(.text) for Key_Scan
    page.o(.text) refers to ppm.o(.text) for Send_PPM_Data
    page.o(.text) refers to ppm.o(.bss) for F4_to_PPM_BUF
    page.o(.text) refers to page.o(.data) for page
    page.o(.text) refers to ppm.o(.data) for PPM_to_F4_BUF
    ppm.o(.text) refers to delay.o(.text) for delay_us
    ppm.o(.text) refers to stm32f10x_rcc.o(.text) for RCC_APB2PeriphClockCmd
    ppm.o(.text) refers to stm32f10x_gpio.o(.text) for GPIO_Init
    ppm.o(.text) refers to stm32f10x_usart.o(.text) for USART_Init
    ppm.o(.text) refers to misc.o(.text) for NVIC_Init
    ppm.o(.text) refers to ppm.o(.data) for PPM_to_F4_BUF
    ppm.o(.text) refers to ppm.o(.bss) for F4_to_PPM_BUF
    app.o(.text) refers to delay.o(.text) for delay_init
    app.o(.text) refers to led.o(.text) for LED_Init
    app.o(.text) refers to oled.o(.text) for OLED_Init
    app.o(.text) refers to key.o(.text) for KEY_Init
    app.o(.text) refers to ppm.o(.text) for USART1_Init
    app.o(.text) refers to config.o(.text) for RCC_Configuration
    app.o(.text) refers to tim_pwm_in.o(.text) for TIM4_Int_Init
    config.o(.text) refers to misc.o(.text) for NVIC_PriorityGroupConfig
    config.o(.text) refers to stm32f10x_rcc.o(.text) for RCC_DeInit
    config.o(.text) refers to stm32f10x_flash.o(.text) for FLASH_SetLatency
    entry.o(.ARM.Collect$$$$00000000) refers (Special) to entry10a.o(.ARM.Collect$$$$0000000D) for __rt_final_cpp
    entry.o(.ARM.Collect$$$$00000000) refers (Special) to entry11a.o(.ARM.Collect$$$$0000000F) for __rt_final_exit
    entry.o(.ARM.Collect$$$$00000000) refers (Special) to entry7b.o(.ARM.Collect$$$$00000008) for _main_clock
    entry.o(.ARM.Collect$$$$00000000) refers (Special) to entry8b.o(.ARM.Collect$$$$0000000A) for _main_cpp_init
    entry.o(.ARM.Collect$$$$00000000) refers (Special) to entry9a.o(.ARM.Collect$$$$0000000B) for _main_init
    entry.o(.ARM.Collect$$$$00000000) refers (Special) to entry5.o(.ARM.Collect$$$$00000004) for _main_scatterload
    entry.o(.ARM.Collect$$$$00000000) refers (Special) to entry2.o(.ARM.Collect$$$$00000001) for _main_stk
    fdiv.o(.text) refers (Special) to iusefp.o(.text) for __I$use$fp
    fdiv.o(.text) refers to fepilogue.o(.text) for _float_round
    dadd.o(.text) refers (Special) to iusefp.o(.text) for __I$use$fp
    dadd.o(.text) refers to llshl.o(.text) for __aeabi_llsl
    dadd.o(.text) refers to llsshr.o(.text) for __aeabi_lasr
    dadd.o(.text) refers to depilogue.o(.text) for _double_epilogue
    dmul.o(.text) refers (Special) to iusefp.o(.text) for __I$use$fp
    dmul.o(.text) refers to depilogue.o(.text) for _double_epilogue
    fflti.o(.text) refers (Special) to iusefp.o(.text) for __I$use$fp
    fflti.o(.text) refers to fepilogue.o(.text) for _float_epilogue
    dflti.o(.text) refers (Special) to iusefp.o(.text) for __I$use$fp
    dflti.o(.text) refers to depilogue.o(.text) for _double_epilogue
    dfltui.o(.text) refers (Special) to iusefp.o(.text) for __I$use$fp
    dfltui.o(.text) refers to depilogue.o(.text) for _double_epilogue
    dfixi.o(.text) refers (Special) to iusefp.o(.text) for __I$use$fp
    dfixi.o(.text) refers to llushr.o(.text) for __aeabi_llsr
    dfixui.o(.text) refers (Special) to iusefp.o(.text) for __I$use$fp
    dfixui.o(.text) refers to llushr.o(.text) for __aeabi_llsr
    f2d.o(.text) refers (Special) to iusefp.o(.text) for __I$use$fp
    cdcmple.o(.text) refers (Special) to iusefp.o(.text) for __I$use$fp
    entry2.o(.ARM.Collect$$$$00000001) refers to entry2.o(.ARM.Collect$$$$00002712) for __lit__00000000
    entry2.o(.ARM.Collect$$$$00002712) refers to startup_stm32f10x_hd.o(STACK) for __initial_sp
    entry2.o(__vectab_stack_and_reset_area) refers to startup_stm32f10x_hd.o(STACK) for __initial_sp
    entry2.o(__vectab_stack_and_reset_area) refers to entry.o(.ARM.Collect$$$$00000000) for __main
    entry5.o(.ARM.Collect$$$$00000004) refers to init.o(.text) for __scatterload
    entry9a.o(.ARM.Collect$$$$0000000B) refers to main.o(.text) for main
    entry9b.o(.ARM.Collect$$$$0000000C) refers to main.o(.text) for main
    depilogue.o(.text) refers to llshl.o(.text) for __aeabi_llsl
    depilogue.o(.text) refers to llushr.o(.text) for __aeabi_llsr
    init.o(.text) refers to entry5.o(.ARM.Collect$$$$00000004) for __main_after_scatterload


==============================================================================

Removing Unused input sections from the image.

    Removing startup_stm32f10x_hd.o(HEAP), (512 bytes).
    Removing core_cm3.o(.emb_text), (32 bytes).
    Removing stm32f10x_adc.o(.text), (1102 bytes).
    Removing stm32f10x_bkp.o(.text), (196 bytes).
    Removing stm32f10x_can.o(.text), (2544 bytes).
    Removing stm32f10x_cec.o(.text), (288 bytes).
    Removing stm32f10x_crc.o(.text), (72 bytes).
    Removing stm32f10x_dac.o(.text), (396 bytes).
    Removing stm32f10x_dbgmcu.o(.text), (48 bytes).
    Removing stm32f10x_dma.o(.text), (596 bytes).
    Removing stm32f10x_exti.o(.text), (284 bytes).
    Removing stm32f10x_fsmc.o(.text), (1548 bytes).
    Removing stm32f10x_i2c.o(.text), (1028 bytes).
    Removing stm32f10x_iwdg.o(.text), (64 bytes).
    Removing stm32f10x_pwr.o(.text), (204 bytes).
    Removing stm32f10x_rtc.o(.text), (328 bytes).
    Removing stm32f10x_sdio.o(.text), (468 bytes).
    Removing stm32f10x_spi.o(.text), (780 bytes).
    Removing stm32f10x_wwdg.o(.text), (136 bytes).
    Removing time.o(.text), (34 bytes).

20 unused section(s) (total 10660 bytes) removed from the image.

==============================================================================

Image Symbol Table

    Local Symbols

    Symbol Name                              Value     Ov Type        Size  Object(Section)

    ../clib/microlib/init/entry.s            0x00000000   Number         0  entry9b.o ABSOLUTE
    ../clib/microlib/init/entry.s            0x00000000   Number         0  entry11b.o ABSOLUTE
    ../clib/microlib/init/entry.s            0x00000000   Number         0  entry5.o ABSOLUTE
    ../clib/microlib/init/entry.s            0x00000000   Number         0  entry11a.o ABSOLUTE
    ../clib/microlib/init/entry.s            0x00000000   Number         0  entry7a.o ABSOLUTE
    ../clib/microlib/init/entry.s            0x00000000   Number         0  entry9a.o ABSOLUTE
    ../clib/microlib/init/entry.s            0x00000000   Number         0  entry8b.o ABSOLUTE
    ../clib/microlib/init/entry.s            0x00000000   Number         0  entry10b.o ABSOLUTE
    ../clib/microlib/init/entry.s            0x00000000   Number         0  entry8a.o ABSOLUTE
    ../clib/microlib/init/entry.s            0x00000000   Number         0  entry10a.o ABSOLUTE
    ../clib/microlib/init/entry.s            0x00000000   Number         0  entry7b.o ABSOLUTE
    ../clib/microlib/init/entry.s            0x00000000   Number         0  entry.o ABSOLUTE
    ../clib/microlib/init/entry.s            0x00000000   Number         0  entry2.o ABSOLUTE
    ../clib/microlib/longlong.c              0x00000000   Number         0  llsshr.o ABSOLUTE
    ../clib/microlib/longlong.c              0x00000000   Number         0  llushr.o ABSOLUTE
    ../clib/microlib/longlong.c              0x00000000   Number         0  llshl.o ABSOLUTE
    ../clib/microlib/stubs.s                 0x00000000   Number         0  iusefp.o ABSOLUTE
    ../fplib/microlib/f2d.c                  0x00000000   Number         0  f2d.o ABSOLUTE
    ../fplib/microlib/fpadd.c                0x00000000   Number         0  dadd.o ABSOLUTE
    ../fplib/microlib/fpdiv.c                0x00000000   Number         0  fdiv.o ABSOLUTE
    ../fplib/microlib/fpepilogue.c           0x00000000   Number         0  depilogue.o ABSOLUTE
    ../fplib/microlib/fpepilogue.c           0x00000000   Number         0  fepilogue.o ABSOLUTE
    ../fplib/microlib/fpfix.c                0x00000000   Number         0  dfixi.o ABSOLUTE
    ../fplib/microlib/fpfix.c                0x00000000   Number         0  dfixui.o ABSOLUTE
    ../fplib/microlib/fpflt.c                0x00000000   Number         0  fflti.o ABSOLUTE
    ../fplib/microlib/fpflt.c                0x00000000   Number         0  dflti.o ABSOLUTE
    ../fplib/microlib/fpflt.c                0x00000000   Number         0  dfltui.o ABSOLUTE
    ../fplib/microlib/fpmul.c                0x00000000   Number         0  dmul.o ABSOLUTE
    ..\BSP\APP\app.c                         0x00000000   Number         0  app.o ABSOLUTE
    ..\BSP\CONGIG\config.c                   0x00000000   Number         0  config.o ABSOLUTE
    ..\BSP\Delay\delay.c                     0x00000000   Number         0  delay.o ABSOLUTE
    ..\BSP\KEY\KEY.c                         0x00000000   Number         0  key.o ABSOLUTE
    ..\BSP\LED\led.c                         0x00000000   Number         0  led.o ABSOLUTE
    ..\BSP\OLED\oled.c                       0x00000000   Number         0  oled.o ABSOLUTE
    ..\BSP\PWM_IN\Tim_PWM_IN.c               0x00000000   Number         0  tim_pwm_in.o ABSOLUTE
    ..\BSP\TIM\time.c                        0x00000000   Number         0  time.o ABSOLUTE
    ..\CMSIS\core_cm3.c                      0x00000000   Number         0  core_cm3.o ABSOLUTE
    ..\CMSIS\startup\startup_stm32f10x_hd.s  0x00000000   Number         0  startup_stm32f10x_hd.o ABSOLUTE
    ..\CMSIS\system_stm32f10x.c              0x00000000   Number         0  system_stm32f10x.o ABSOLUTE
    ..\FWlib\src\misc.c                      0x00000000   Number         0  misc.o ABSOLUTE
    ..\FWlib\src\stm32f10x_adc.c             0x00000000   Number         0  stm32f10x_adc.o ABSOLUTE
    ..\FWlib\src\stm32f10x_bkp.c             0x00000000   Number         0  stm32f10x_bkp.o ABSOLUTE
    ..\FWlib\src\stm32f10x_can.c             0x00000000   Number         0  stm32f10x_can.o ABSOLUTE
    ..\FWlib\src\stm32f10x_cec.c             0x00000000   Number         0  stm32f10x_cec.o ABSOLUTE
    ..\FWlib\src\stm32f10x_crc.c             0x00000000   Number         0  stm32f10x_crc.o ABSOLUTE
    ..\FWlib\src\stm32f10x_dac.c             0x00000000   Number         0  stm32f10x_dac.o ABSOLUTE
    ..\FWlib\src\stm32f10x_dbgmcu.c          0x00000000   Number         0  stm32f10x_dbgmcu.o ABSOLUTE
    ..\FWlib\src\stm32f10x_dma.c             0x00000000   Number         0  stm32f10x_dma.o ABSOLUTE
    ..\FWlib\src\stm32f10x_exti.c            0x00000000   Number         0  stm32f10x_exti.o ABSOLUTE
    ..\FWlib\src\stm32f10x_flash.c           0x00000000   Number         0  stm32f10x_flash.o ABSOLUTE
    ..\FWlib\src\stm32f10x_fsmc.c            0x00000000   Number         0  stm32f10x_fsmc.o ABSOLUTE
    ..\FWlib\src\stm32f10x_gpio.c            0x00000000   Number         0  stm32f10x_gpio.o ABSOLUTE
    ..\FWlib\src\stm32f10x_i2c.c             0x00000000   Number         0  stm32f10x_i2c.o ABSOLUTE
    ..\FWlib\src\stm32f10x_iwdg.c            0x00000000   Number         0  stm32f10x_iwdg.o ABSOLUTE
    ..\FWlib\src\stm32f10x_pwr.c             0x00000000   Number         0  stm32f10x_pwr.o ABSOLUTE
    ..\FWlib\src\stm32f10x_rcc.c             0x00000000   Number         0  stm32f10x_rcc.o ABSOLUTE
    ..\FWlib\src\stm32f10x_rtc.c             0x00000000   Number         0  stm32f10x_rtc.o ABSOLUTE
    ..\FWlib\src\stm32f10x_sdio.c            0x00000000   Number         0  stm32f10x_sdio.o ABSOLUTE
    ..\FWlib\src\stm32f10x_spi.c             0x00000000   Number         0  stm32f10x_spi.o ABSOLUTE
    ..\FWlib\src\stm32f10x_tim.c             0x00000000   Number         0  stm32f10x_tim.o ABSOLUTE
    ..\FWlib\src\stm32f10x_usart.c           0x00000000   Number         0  stm32f10x_usart.o ABSOLUTE
    ..\FWlib\src\stm32f10x_wwdg.c            0x00000000   Number         0  stm32f10x_wwdg.o ABSOLUTE
    ..\\CMSIS\\core_cm3.c                    0x00000000   Number         0  core_cm3.o ABSOLUTE
    PPM.c                                    0x00000000   Number         0  ppm.o ABSOLUTE
    cdcmple.s                                0x00000000   Number         0  cdcmple.o ABSOLUTE
    dc.s                                     0x00000000   Number         0  dc.o ABSOLUTE
    handlers.s                               0x00000000   Number         0  handlers.o ABSOLUTE
    init.s                                   0x00000000   Number         0  init.o ABSOLUTE
    main.c                                   0x00000000   Number         0  main.o ABSOLUTE
    page.c                                   0x00000000   Number         0  page.o ABSOLUTE
    stm32f10x_it.c                           0x00000000   Number         0  stm32f10x_it.o ABSOLUTE
    RESET                                    0x08000000   Section      304  startup_stm32f10x_hd.o(RESET)
    .ARM.Collect$$$$00000000                 0x08000130   Section        0  entry.o(.ARM.Collect$$$$00000000)
    .ARM.Collect$$$$00000001                 0x08000130   Section        4  entry2.o(.ARM.Collect$$$$00000001)
    .ARM.Collect$$$$00000004                 0x08000134   Section        4  entry5.o(.ARM.Collect$$$$00000004)
    .ARM.Collect$$$$00000008                 0x08000138   Section        0  entry7b.o(.ARM.Collect$$$$00000008)
    .ARM.Collect$$$$0000000A                 0x08000138   Section        0  entry8b.o(.ARM.Collect$$$$0000000A)
    .ARM.Collect$$$$0000000B                 0x08000138   Section        8  entry9a.o(.ARM.Collect$$$$0000000B)
    .ARM.Collect$$$$0000000D                 0x08000140   Section        0  entry10a.o(.ARM.Collect$$$$0000000D)
    .ARM.Collect$$$$0000000F                 0x08000140   Section        0  entry11a.o(.ARM.Collect$$$$0000000F)
    .ARM.Collect$$$$00002712                 0x08000140   Section        4  entry2.o(.ARM.Collect$$$$00002712)
    __lit__00000000                          0x08000140   Data           4  entry2.o(.ARM.Collect$$$$00002712)
    .text                                    0x08000144   Section       36  startup_stm32f10x_hd.o(.text)
    .text                                    0x08000168   Section        0  system_stm32f10x.o(.text)
    SetSysClockTo72                          0x08000169   Thumb Code   214  system_stm32f10x.o(.text)
    SetSysClock                              0x0800023f   Thumb Code     8  system_stm32f10x.o(.text)
    .text                                    0x08000348   Section        0  misc.o(.text)
    .text                                    0x08000424   Section        0  stm32f10x_flash.o(.text)
    .text                                    0x080009e0   Section        0  stm32f10x_gpio.o(.text)
    .text                                    0x08000d44   Section        0  stm32f10x_rcc.o(.text)
    .text                                    0x080010e8   Section        0  stm32f10x_tim.o(.text)
    TI4_Config                               0x0800158f   Thumb Code   130  stm32f10x_tim.o(.text)
    TI3_Config                               0x08001623   Thumb Code   122  stm32f10x_tim.o(.text)
    TI2_Config                               0x080016b7   Thumb Code   130  stm32f10x_tim.o(.text)
    TI1_Config                               0x0800174b   Thumb Code   108  stm32f10x_tim.o(.text)
    .text                                    0x08001f04   Section        0  stm32f10x_usart.o(.text)
    .text                                    0x0800230c   Section        0  main.o(.text)
    .text                                    0x08002354   Section        0  stm32f10x_it.o(.text)
    .text                                    0x08002438   Section        0  led.o(.text)
    .text                                    0x08002490   Section        0  key.o(.text)
    .text                                    0x08002640   Section        0  oled.o(.text)
    .text                                    0x08003204   Section        0  delay.o(.text)
    .text                                    0x080032cc   Section        0  tim_pwm_in.o(.text)
    .text                                    0x0800335c   Section        0  page.o(.text)
    .text                                    0x08003660   Section        0  ppm.o(.text)
    .text                                    0x08003824   Section        0  app.o(.text)
    .text                                    0x0800384c   Section        0  config.o(.text)
    .text                                    0x0800394e   Section        0  fdiv.o(.text)
    .text                                    0x080039ca   Section        0  dadd.o(.text)
    .text                                    0x08003b18   Section        0  dmul.o(.text)
    .text                                    0x08003bfc   Section        0  fflti.o(.text)
    .text                                    0x08003c0e   Section        0  dflti.o(.text)
    .text                                    0x08003c30   Section        0  dfltui.o(.text)
    .text                                    0x08003c4a   Section        0  dfixi.o(.text)
    .text                                    0x08003c88   Section        0  dfixui.o(.text)
    .text                                    0x08003cba   Section        0  f2d.o(.text)
    .text                                    0x08003ce0   Section       48  cdcmple.o(.text)
    .text                                    0x08003d10   Section        0  llshl.o(.text)
    .text                                    0x08003d2e   Section        0  llushr.o(.text)
    .text                                    0x08003d4e   Section        0  llsshr.o(.text)
    .text                                    0x08003d72   Section        0  iusefp.o(.text)
    .text                                    0x08003d72   Section        0  fepilogue.o(.text)
    .text                                    0x08003de0   Section        0  depilogue.o(.text)
    .text                                    0x08003e9c   Section       36  init.o(.text)
    i.__scatterload_copy                     0x08003ec0   Section       14  handlers.o(i.__scatterload_copy)
    i.__scatterload_null                     0x08003ece   Section        2  handlers.o(i.__scatterload_null)
    i.__scatterload_zeroinit                 0x08003ed0   Section       14  handlers.o(i.__scatterload_zeroinit)
    .constdata                               0x08003ede   Section     2072  oled.o(.constdata)
    .data                                    0x20000000   Section       20  system_stm32f10x.o(.data)
    .data                                    0x20000014   Section       20  stm32f10x_rcc.o(.data)
    APBAHBPrescTable                         0x20000014   Data          16  stm32f10x_rcc.o(.data)
    ADCPrescTable                            0x20000024   Data           4  stm32f10x_rcc.o(.data)
    .data                                    0x20000028   Section        3  stm32f10x_it.o(.data)
    data_len                                 0x20000029   Data           1  stm32f10x_it.o(.data)
    data_cnt                                 0x2000002a   Data           1  stm32f10x_it.o(.data)
    .data                                    0x2000002c   Section        4  delay.o(.data)
    fac_us                                   0x2000002c   Data           1  delay.o(.data)
    fac_ms                                   0x2000002e   Data           2  delay.o(.data)
    .data                                    0x20000030   Section        1  tim_pwm_in.o(.data)
    .data                                    0x20000031   Section        1  page.o(.data)
    .data                                    0x20000032   Section       10  ppm.o(.data)
    .bss                                     0x2000003c   Section       50  stm32f10x_it.o(.bss)
    .bss                                     0x2000006e   Section       32  ppm.o(.bss)
    STACK                                    0x20000090   Section     1024  startup_stm32f10x_hd.o(STACK)

    Global Symbols

    Symbol Name                              Value     Ov Type        Size  Object(Section)

    BuildAttributes$$THM_ISAv4$P$D$K$B$S$PE$A:L22UL41UL21$X:L11$S22US41US21$IEEE1$IW$USESV6$~STKCKD$USESV7$~SHL$OTIME$ROPI$EBA8$MICROLIB$REQ8$PRES8$EABIv2 0x00000000   Number         0  anon$$obj.o ABSOLUTE
    __ARM_use_no_argv                        0x00000000   Number         0  main.o ABSOLUTE
    __cpp_initialize__aeabi_                  - Undefined Weak Reference
    __cxa_finalize                            - Undefined Weak Reference
    __decompress                              - Undefined Weak Reference
    _clock_init                               - Undefined Weak Reference
    _microlib_exit                            - Undefined Weak Reference
    __Vectors_Size                           0x00000130   Number         0  startup_stm32f10x_hd.o ABSOLUTE
    __Vectors                                0x08000000   Data           4  startup_stm32f10x_hd.o(RESET)
    __Vectors_End                            0x08000130   Data           0  startup_stm32f10x_hd.o(RESET)
    __main                                   0x08000131   Thumb Code     0  entry.o(.ARM.Collect$$$$00000000)
    _main_stk                                0x08000131   Thumb Code     0  entry2.o(.ARM.Collect$$$$00000001)
    _main_scatterload                        0x08000135   Thumb Code     0  entry5.o(.ARM.Collect$$$$00000004)
    __main_after_scatterload                 0x08000139   Thumb Code     0  entry5.o(.ARM.Collect$$$$00000004)
    _main_clock                              0x08000139   Thumb Code     0  entry7b.o(.ARM.Collect$$$$00000008)
    _main_cpp_init                           0x08000139   Thumb Code     0  entry8b.o(.ARM.Collect$$$$0000000A)
    _main_init                               0x08000139   Thumb Code     0  entry9a.o(.ARM.Collect$$$$0000000B)
    __rt_final_cpp                           0x08000141   Thumb Code     0  entry10a.o(.ARM.Collect$$$$0000000D)
    __rt_final_exit                          0x08000141   Thumb Code     0  entry11a.o(.ARM.Collect$$$$0000000F)
    Reset_Handler                            0x08000145   Thumb Code     8  startup_stm32f10x_hd.o(.text)
    ADC1_2_IRQHandler                        0x0800015f   Thumb Code     0  startup_stm32f10x_hd.o(.text)
    ADC3_IRQHandler                          0x0800015f   Thumb Code     0  startup_stm32f10x_hd.o(.text)
    CAN1_RX1_IRQHandler                      0x0800015f   Thumb Code     0  startup_stm32f10x_hd.o(.text)
    CAN1_SCE_IRQHandler                      0x0800015f   Thumb Code     0  startup_stm32f10x_hd.o(.text)
    DMA1_Channel1_IRQHandler                 0x0800015f   Thumb Code     0  startup_stm32f10x_hd.o(.text)
    DMA1_Channel2_IRQHandler                 0x0800015f   Thumb Code     0  startup_stm32f10x_hd.o(.text)
    DMA1_Channel3_IRQHandler                 0x0800015f   Thumb Code     0  startup_stm32f10x_hd.o(.text)
    DMA1_Channel4_IRQHandler                 0x0800015f   Thumb Code     0  startup_stm32f10x_hd.o(.text)
    DMA1_Channel5_IRQHandler                 0x0800015f   Thumb Code     0  startup_stm32f10x_hd.o(.text)
    DMA1_Channel6_IRQHandler                 0x0800015f   Thumb Code     0  startup_stm32f10x_hd.o(.text)
    DMA1_Channel7_IRQHandler                 0x0800015f   Thumb Code     0  startup_stm32f10x_hd.o(.text)
    DMA2_Channel1_IRQHandler                 0x0800015f   Thumb Code     0  startup_stm32f10x_hd.o(.text)
    DMA2_Channel2_IRQHandler                 0x0800015f   Thumb Code     0  startup_stm32f10x_hd.o(.text)
    DMA2_Channel3_IRQHandler                 0x0800015f   Thumb Code     0  startup_stm32f10x_hd.o(.text)
    DMA2_Channel4_5_IRQHandler               0x0800015f   Thumb Code     0  startup_stm32f10x_hd.o(.text)
    EXTI0_IRQHandler                         0x0800015f   Thumb Code     0  startup_stm32f10x_hd.o(.text)
    EXTI15_10_IRQHandler                     0x0800015f   Thumb Code     0  startup_stm32f10x_hd.o(.text)
    EXTI1_IRQHandler                         0x0800015f   Thumb Code     0  startup_stm32f10x_hd.o(.text)
    EXTI2_IRQHandler                         0x0800015f   Thumb Code     0  startup_stm32f10x_hd.o(.text)
    EXTI3_IRQHandler                         0x0800015f   Thumb Code     0  startup_stm32f10x_hd.o(.text)
    EXTI4_IRQHandler                         0x0800015f   Thumb Code     0  startup_stm32f10x_hd.o(.text)
    EXTI9_5_IRQHandler                       0x0800015f   Thumb Code     0  startup_stm32f10x_hd.o(.text)
    FLASH_IRQHandler                         0x0800015f   Thumb Code     0  startup_stm32f10x_hd.o(.text)
    FSMC_IRQHandler                          0x0800015f   Thumb Code     0  startup_stm32f10x_hd.o(.text)
    I2C1_ER_IRQHandler                       0x0800015f   Thumb Code     0  startup_stm32f10x_hd.o(.text)
    I2C1_EV_IRQHandler                       0x0800015f   Thumb Code     0  startup_stm32f10x_hd.o(.text)
    I2C2_ER_IRQHandler                       0x0800015f   Thumb Code     0  startup_stm32f10x_hd.o(.text)
    I2C2_EV_IRQHandler                       0x0800015f   Thumb Code     0  startup_stm32f10x_hd.o(.text)
    PVD_IRQHandler                           0x0800015f   Thumb Code     0  startup_stm32f10x_hd.o(.text)
    RCC_IRQHandler                           0x0800015f   Thumb Code     0  startup_stm32f10x_hd.o(.text)
    RTCAlarm_IRQHandler                      0x0800015f   Thumb Code     0  startup_stm32f10x_hd.o(.text)
    RTC_IRQHandler                           0x0800015f   Thumb Code     0  startup_stm32f10x_hd.o(.text)
    SDIO_IRQHandler                          0x0800015f   Thumb Code     0  startup_stm32f10x_hd.o(.text)
    SPI1_IRQHandler                          0x0800015f   Thumb Code     0  startup_stm32f10x_hd.o(.text)
    SPI2_IRQHandler                          0x0800015f   Thumb Code     0  startup_stm32f10x_hd.o(.text)
    SPI3_IRQHandler                          0x0800015f   Thumb Code     0  startup_stm32f10x_hd.o(.text)
    TAMPER_IRQHandler                        0x0800015f   Thumb Code     0  startup_stm32f10x_hd.o(.text)
    TIM1_BRK_IRQHandler                      0x0800015f   Thumb Code     0  startup_stm32f10x_hd.o(.text)
    TIM1_CC_IRQHandler                       0x0800015f   Thumb Code     0  startup_stm32f10x_hd.o(.text)
    TIM1_TRG_COM_IRQHandler                  0x0800015f   Thumb Code     0  startup_stm32f10x_hd.o(.text)
    TIM1_UP_IRQHandler                       0x0800015f   Thumb Code     0  startup_stm32f10x_hd.o(.text)
    TIM2_IRQHandler                          0x0800015f   Thumb Code     0  startup_stm32f10x_hd.o(.text)
    TIM3_IRQHandler                          0x0800015f   Thumb Code     0  startup_stm32f10x_hd.o(.text)
    TIM5_IRQHandler                          0x0800015f   Thumb Code     0  startup_stm32f10x_hd.o(.text)
    TIM6_IRQHandler                          0x0800015f   Thumb Code     0  startup_stm32f10x_hd.o(.text)
    TIM7_IRQHandler                          0x0800015f   Thumb Code     0  startup_stm32f10x_hd.o(.text)
    TIM8_BRK_IRQHandler                      0x0800015f   Thumb Code     0  startup_stm32f10x_hd.o(.text)
    TIM8_CC_IRQHandler                       0x0800015f   Thumb Code     0  startup_stm32f10x_hd.o(.text)
    TIM8_TRG_COM_IRQHandler                  0x0800015f   Thumb Code     0  startup_stm32f10x_hd.o(.text)
    TIM8_UP_IRQHandler                       0x0800015f   Thumb Code     0  startup_stm32f10x_hd.o(.text)
    UART4_IRQHandler                         0x0800015f   Thumb Code     0  startup_stm32f10x_hd.o(.text)
    UART5_IRQHandler                         0x0800015f   Thumb Code     0  startup_stm32f10x_hd.o(.text)
    USART2_IRQHandler                        0x0800015f   Thumb Code     0  startup_stm32f10x_hd.o(.text)
    USBWakeUp_IRQHandler                     0x0800015f   Thumb Code     0  startup_stm32f10x_hd.o(.text)
    USB_HP_CAN1_TX_IRQHandler                0x0800015f   Thumb Code     0  startup_stm32f10x_hd.o(.text)
    USB_LP_CAN1_RX0_IRQHandler               0x0800015f   Thumb Code     0  startup_stm32f10x_hd.o(.text)
    WWDG_IRQHandler                          0x0800015f   Thumb Code     0  startup_stm32f10x_hd.o(.text)
    SystemInit                               0x08000247   Thumb Code    78  system_stm32f10x.o(.text)
    SystemCoreClockUpdate                    0x08000295   Thumb Code   142  system_stm32f10x.o(.text)
    NVIC_PriorityGroupConfig                 0x08000349   Thumb Code    10  misc.o(.text)
    NVIC_Init                                0x08000353   Thumb Code   100  misc.o(.text)
    NVIC_SetVectorTable                      0x080003b7   Thumb Code    14  misc.o(.text)
    NVIC_SystemLPConfig                      0x080003c5   Thumb Code    34  misc.o(.text)
    SysTick_CLKSourceConfig                  0x080003e7   Thumb Code    40  misc.o(.text)
    FLASH_SetLatency                         0x08000425   Thumb Code    18  stm32f10x_flash.o(.text)
    FLASH_HalfCycleAccessCmd                 0x08000437   Thumb Code    22  stm32f10x_flash.o(.text)
    FLASH_PrefetchBufferCmd                  0x0800044d   Thumb Code    22  stm32f10x_flash.o(.text)
    FLASH_Unlock                             0x08000463   Thumb Code    12  stm32f10x_flash.o(.text)
    FLASH_UnlockBank1                        0x0800046f   Thumb Code    12  stm32f10x_flash.o(.text)
    FLASH_Lock                               0x0800047b   Thumb Code    14  stm32f10x_flash.o(.text)
    FLASH_LockBank1                          0x08000489   Thumb Code    14  stm32f10x_flash.o(.text)
    FLASH_GetBank1Status                     0x08000497   Thumb Code    48  stm32f10x_flash.o(.text)
    FLASH_WaitForLastOperation               0x080004c7   Thumb Code    38  stm32f10x_flash.o(.text)
    FLASH_ErasePage                          0x080004ed   Thumb Code    72  stm32f10x_flash.o(.text)
    FLASH_EraseAllPages                      0x08000535   Thumb Code    68  stm32f10x_flash.o(.text)
    FLASH_WaitForLastBank1Operation          0x08000579   Thumb Code    38  stm32f10x_flash.o(.text)
    FLASH_EraseAllBank1Pages                 0x0800059f   Thumb Code    68  stm32f10x_flash.o(.text)
    FLASH_GetReadOutProtectionStatus         0x080005e3   Thumb Code    20  stm32f10x_flash.o(.text)
    FLASH_EraseOptionBytes                   0x080005f7   Thumb Code   150  stm32f10x_flash.o(.text)
    FLASH_ProgramWord                        0x0800068d   Thumb Code   102  stm32f10x_flash.o(.text)
    FLASH_ProgramHalfWord                    0x080006f3   Thumb Code    60  stm32f10x_flash.o(.text)
    FLASH_ProgramOptionByteData              0x0800072f   Thumb Code    72  stm32f10x_flash.o(.text)
    FLASH_EnableWriteProtection              0x08000777   Thumb Code   200  stm32f10x_flash.o(.text)
    FLASH_ReadOutProtection                  0x0800083f   Thumb Code   156  stm32f10x_flash.o(.text)
    FLASH_UserOptionByteConfig               0x080008db   Thumb Code    88  stm32f10x_flash.o(.text)
    FLASH_GetUserOptionByte                  0x08000933   Thumb Code     8  stm32f10x_flash.o(.text)
    FLASH_GetWriteProtectionOptionByte       0x0800093b   Thumb Code     6  stm32f10x_flash.o(.text)
    FLASH_GetPrefetchBufferStatus            0x08000941   Thumb Code    20  stm32f10x_flash.o(.text)
    FLASH_ITConfig                           0x08000955   Thumb Code    26  stm32f10x_flash.o(.text)
    FLASH_GetFlagStatus                      0x0800096f   Thumb Code    42  stm32f10x_flash.o(.text)
    FLASH_ClearFlag                          0x08000999   Thumb Code     6  stm32f10x_flash.o(.text)
    FLASH_GetStatus                          0x0800099f   Thumb Code    48  stm32f10x_flash.o(.text)
    GPIO_DeInit                              0x080009e1   Thumb Code   172  stm32f10x_gpio.o(.text)
    GPIO_AFIODeInit                          0x08000a8d   Thumb Code    20  stm32f10x_gpio.o(.text)
    GPIO_Init                                0x08000aa1   Thumb Code   278  stm32f10x_gpio.o(.text)
    GPIO_StructInit                          0x08000bb7   Thumb Code    16  stm32f10x_gpio.o(.text)
    GPIO_ReadInputDataBit                    0x08000bc7   Thumb Code    18  stm32f10x_gpio.o(.text)
    GPIO_ReadInputData                       0x08000bd9   Thumb Code     8  stm32f10x_gpio.o(.text)
    GPIO_ReadOutputDataBit                   0x08000be1   Thumb Code    18  stm32f10x_gpio.o(.text)
    GPIO_ReadOutputData                      0x08000bf3   Thumb Code     8  stm32f10x_gpio.o(.text)
    GPIO_SetBits                             0x08000bfb   Thumb Code     4  stm32f10x_gpio.o(.text)
    GPIO_PinReverse                          0x08000bff   Thumb Code     8  stm32f10x_gpio.o(.text)
    GPIO_ResetBits                           0x08000c07   Thumb Code     4  stm32f10x_gpio.o(.text)
    GPIO_WriteBit                            0x08000c0b   Thumb Code    10  stm32f10x_gpio.o(.text)
    GPIO_Write                               0x08000c15   Thumb Code     4  stm32f10x_gpio.o(.text)
    GPIO_PinLockConfig                       0x08000c19   Thumb Code    18  stm32f10x_gpio.o(.text)
    GPIO_EventOutputConfig                   0x08000c2b   Thumb Code    26  stm32f10x_gpio.o(.text)
    GPIO_EventOutputCmd                      0x08000c45   Thumb Code     6  stm32f10x_gpio.o(.text)
    GPIO_PinRemapConfig                      0x08000c4b   Thumb Code   138  stm32f10x_gpio.o(.text)
    GPIO_EXTILineConfig                      0x08000cd5   Thumb Code    66  stm32f10x_gpio.o(.text)
    GPIO_ETH_MediaInterfaceConfig            0x08000d17   Thumb Code     8  stm32f10x_gpio.o(.text)
    RCC_DeInit                               0x08000d45   Thumb Code    64  stm32f10x_rcc.o(.text)
    RCC_HSEConfig                            0x08000d85   Thumb Code    70  stm32f10x_rcc.o(.text)
    RCC_GetFlagStatus                        0x08000dcb   Thumb Code    56  stm32f10x_rcc.o(.text)
    RCC_WaitForHSEStartUp                    0x08000e03   Thumb Code    56  stm32f10x_rcc.o(.text)
    RCC_AdjustHSICalibrationValue            0x08000e3b   Thumb Code    20  stm32f10x_rcc.o(.text)
    RCC_HSICmd                               0x08000e4f   Thumb Code     6  stm32f10x_rcc.o(.text)
    RCC_PLLConfig                            0x08000e55   Thumb Code    24  stm32f10x_rcc.o(.text)
    RCC_PLLCmd                               0x08000e6d   Thumb Code     6  stm32f10x_rcc.o(.text)
    RCC_SYSCLKConfig                         0x08000e73   Thumb Code    18  stm32f10x_rcc.o(.text)
    RCC_GetSYSCLKSource                      0x08000e85   Thumb Code    10  stm32f10x_rcc.o(.text)
    RCC_HCLKConfig                           0x08000e8f   Thumb Code    18  stm32f10x_rcc.o(.text)
    RCC_PCLK1Config                          0x08000ea1   Thumb Code    18  stm32f10x_rcc.o(.text)
    RCC_PCLK2Config                          0x08000eb3   Thumb Code    20  stm32f10x_rcc.o(.text)
    RCC_ITConfig                             0x08000ec7   Thumb Code    26  stm32f10x_rcc.o(.text)
    RCC_USBCLKConfig                         0x08000ee1   Thumb Code     8  stm32f10x_rcc.o(.text)
    RCC_ADCCLKConfig                         0x08000ee9   Thumb Code    18  stm32f10x_rcc.o(.text)
    RCC_LSEConfig                            0x08000efb   Thumb Code    50  stm32f10x_rcc.o(.text)
    RCC_LSICmd                               0x08000f2d   Thumb Code     6  stm32f10x_rcc.o(.text)
    RCC_RTCCLKConfig                         0x08000f33   Thumb Code    12  stm32f10x_rcc.o(.text)
    RCC_RTCCLKCmd                            0x08000f3f   Thumb Code     8  stm32f10x_rcc.o(.text)
    RCC_GetClocksFreq                        0x08000f47   Thumb Code   192  stm32f10x_rcc.o(.text)
    RCC_AHBPeriphClockCmd                    0x08001007   Thumb Code    26  stm32f10x_rcc.o(.text)
    RCC_APB2PeriphClockCmd                   0x08001021   Thumb Code    26  stm32f10x_rcc.o(.text)
    RCC_APB1PeriphClockCmd                   0x0800103b   Thumb Code    26  stm32f10x_rcc.o(.text)
    RCC_APB2PeriphResetCmd                   0x08001055   Thumb Code    26  stm32f10x_rcc.o(.text)
    RCC_APB1PeriphResetCmd                   0x0800106f   Thumb Code    26  stm32f10x_rcc.o(.text)
    RCC_BackupResetCmd                       0x08001089   Thumb Code     8  stm32f10x_rcc.o(.text)
    RCC_ClockSecuritySystemCmd               0x08001091   Thumb Code     6  stm32f10x_rcc.o(.text)
    RCC_MCOConfig                            0x08001097   Thumb Code     6  stm32f10x_rcc.o(.text)
    RCC_ClearFlag                            0x0800109d   Thumb Code    14  stm32f10x_rcc.o(.text)
    RCC_GetITStatus                          0x080010ab   Thumb Code    20  stm32f10x_rcc.o(.text)
    RCC_ClearITPendingBit                    0x080010bf   Thumb Code     6  stm32f10x_rcc.o(.text)
    TIM_DeInit                               0x080010e9   Thumb Code   424  stm32f10x_tim.o(.text)
    TIM_TimeBaseInit                         0x08001291   Thumb Code   122  stm32f10x_tim.o(.text)
    TIM_OC1Init                              0x0800130b   Thumb Code   132  stm32f10x_tim.o(.text)
    TIM_OC2Init                              0x0800138f   Thumb Code   154  stm32f10x_tim.o(.text)
    TIM_OC3Init                              0x08001429   Thumb Code   150  stm32f10x_tim.o(.text)
    TIM_OC4Init                              0x080014bf   Thumb Code   182  stm32f10x_tim.o(.text)
    TIM_SetIC4Prescaler                      0x08001575   Thumb Code    26  stm32f10x_tim.o(.text)
    TIM_SetIC3Prescaler                      0x08001611   Thumb Code    18  stm32f10x_tim.o(.text)
    TIM_SetIC2Prescaler                      0x0800169d   Thumb Code    26  stm32f10x_tim.o(.text)
    TIM_SetIC1Prescaler                      0x08001739   Thumb Code    18  stm32f10x_tim.o(.text)
    TIM_ICInit                               0x080017b7   Thumb Code   150  stm32f10x_tim.o(.text)
    TIM_PWMIConfig                           0x0800184d   Thumb Code   124  stm32f10x_tim.o(.text)
    TIM_BDTRConfig                           0x080018c9   Thumb Code    32  stm32f10x_tim.o(.text)
    TIM_TimeBaseStructInit                   0x080018e9   Thumb Code    18  stm32f10x_tim.o(.text)
    TIM_OCStructInit                         0x080018fb   Thumb Code    20  stm32f10x_tim.o(.text)
    TIM_ICStructInit                         0x0800190f   Thumb Code    18  stm32f10x_tim.o(.text)
    TIM_BDTRStructInit                       0x08001921   Thumb Code    40  stm32f10x_tim.o(.text)
    TIM_Cmd                                  0x08001949   Thumb Code    24  stm32f10x_tim.o(.text)
    TIM_CtrlPWMOutputs                       0x08001961   Thumb Code    30  stm32f10x_tim.o(.text)
    TIM_ITConfig                             0x0800197f   Thumb Code    18  stm32f10x_tim.o(.text)
    TIM_GenerateEvent                        0x08001991   Thumb Code     4  stm32f10x_tim.o(.text)
    TIM_DMAConfig                            0x08001995   Thumb Code    10  stm32f10x_tim.o(.text)
    TIM_DMACmd                               0x0800199f   Thumb Code    18  stm32f10x_tim.o(.text)
    TIM_InternalClockConfig                  0x080019b1   Thumb Code    12  stm32f10x_tim.o(.text)
    TIM_SelectInputTrigger                   0x080019bd   Thumb Code    18  stm32f10x_tim.o(.text)
    TIM_ITRxExternalClockConfig              0x080019cf   Thumb Code    24  stm32f10x_tim.o(.text)
    TIM_TIxExternalClockConfig               0x080019e7   Thumb Code    62  stm32f10x_tim.o(.text)
    TIM_ETRConfig                            0x08001a25   Thumb Code    28  stm32f10x_tim.o(.text)
    TIM_ETRClockMode1Config                  0x08001a41   Thumb Code    54  stm32f10x_tim.o(.text)
    TIM_ETRClockMode2Config                  0x08001a77   Thumb Code    32  stm32f10x_tim.o(.text)
    TIM_PrescalerConfig                      0x08001a97   Thumb Code     6  stm32f10x_tim.o(.text)
    TIM_CounterModeConfig                    0x08001a9d   Thumb Code    18  stm32f10x_tim.o(.text)
    TIM_EncoderInterfaceConfig               0x08001aaf   Thumb Code    66  stm32f10x_tim.o(.text)
    TIM_ForcedOC1Config                      0x08001af1   Thumb Code    18  stm32f10x_tim.o(.text)
    TIM_ForcedOC2Config                      0x08001b03   Thumb Code    26  stm32f10x_tim.o(.text)
    TIM_ForcedOC3Config                      0x08001b1d   Thumb Code    18  stm32f10x_tim.o(.text)
    TIM_ForcedOC4Config                      0x08001b2f   Thumb Code    26  stm32f10x_tim.o(.text)
    TIM_ARRPreloadConfig                     0x08001b49   Thumb Code    24  stm32f10x_tim.o(.text)
    TIM_SelectCOM                            0x08001b61   Thumb Code    24  stm32f10x_tim.o(.text)
    TIM_SelectCCDMA                          0x08001b79   Thumb Code    24  stm32f10x_tim.o(.text)
    TIM_CCPreloadControl                     0x08001b91   Thumb Code    24  stm32f10x_tim.o(.text)
    TIM_OC1PreloadConfig                     0x08001ba9   Thumb Code    18  stm32f10x_tim.o(.text)
    TIM_OC2PreloadConfig                     0x08001bbb   Thumb Code    26  stm32f10x_tim.o(.text)
    TIM_OC3PreloadConfig                     0x08001bd5   Thumb Code    18  stm32f10x_tim.o(.text)
    TIM_OC4PreloadConfig                     0x08001be7   Thumb Code    26  stm32f10x_tim.o(.text)
    TIM_OC1FastConfig                        0x08001c01   Thumb Code    18  stm32f10x_tim.o(.text)
    TIM_OC2FastConfig                        0x08001c13   Thumb Code    26  stm32f10x_tim.o(.text)
    TIM_OC3FastConfig                        0x08001c2d   Thumb Code    18  stm32f10x_tim.o(.text)
    TIM_OC4FastConfig                        0x08001c3f   Thumb Code    26  stm32f10x_tim.o(.text)
    TIM_ClearOC1Ref                          0x08001c59   Thumb Code    18  stm32f10x_tim.o(.text)
    TIM_ClearOC2Ref                          0x08001c6b   Thumb Code    24  stm32f10x_tim.o(.text)
    TIM_ClearOC3Ref                          0x08001c83   Thumb Code    18  stm32f10x_tim.o(.text)
    TIM_ClearOC4Ref                          0x08001c95   Thumb Code    24  stm32f10x_tim.o(.text)
    TIM_OC1PolarityConfig                    0x08001cad   Thumb Code    18  stm32f10x_tim.o(.text)
    TIM_OC1NPolarityConfig                   0x08001cbf   Thumb Code    18  stm32f10x_tim.o(.text)
    TIM_OC2PolarityConfig                    0x08001cd1   Thumb Code    26  stm32f10x_tim.o(.text)
    TIM_OC2NPolarityConfig                   0x08001ceb   Thumb Code    26  stm32f10x_tim.o(.text)
    TIM_OC3PolarityConfig                    0x08001d05   Thumb Code    26  stm32f10x_tim.o(.text)
    TIM_OC3NPolarityConfig                   0x08001d1f   Thumb Code    26  stm32f10x_tim.o(.text)
    TIM_OC4PolarityConfig                    0x08001d39   Thumb Code    26  stm32f10x_tim.o(.text)
    TIM_CCxCmd                               0x08001d53   Thumb Code    30  stm32f10x_tim.o(.text)
    TIM_CCxNCmd                              0x08001d71   Thumb Code    30  stm32f10x_tim.o(.text)
    TIM_SelectOCxM                           0x08001d8f   Thumb Code    82  stm32f10x_tim.o(.text)
    TIM_UpdateDisableConfig                  0x08001de1   Thumb Code    24  stm32f10x_tim.o(.text)
    TIM_UpdateRequestConfig                  0x08001df9   Thumb Code    24  stm32f10x_tim.o(.text)
    TIM_SelectHallSensor                     0x08001e11   Thumb Code    24  stm32f10x_tim.o(.text)
    TIM_SelectOnePulseMode                   0x08001e29   Thumb Code    18  stm32f10x_tim.o(.text)
    TIM_SelectOutputTrigger                  0x08001e3b   Thumb Code    18  stm32f10x_tim.o(.text)
    TIM_SelectSlaveMode                      0x08001e4d   Thumb Code    18  stm32f10x_tim.o(.text)
    TIM_SelectMasterSlaveMode                0x08001e5f   Thumb Code    18  stm32f10x_tim.o(.text)
    TIM_SetCounter                           0x08001e71   Thumb Code     4  stm32f10x_tim.o(.text)
    TIM_SetAutoreload                        0x08001e75   Thumb Code     4  stm32f10x_tim.o(.text)
    TIM_SetCompare1                          0x08001e79   Thumb Code     4  stm32f10x_tim.o(.text)
    TIM_SetCompare2                          0x08001e7d   Thumb Code     4  stm32f10x_tim.o(.text)
    TIM_SetCompare3                          0x08001e81   Thumb Code     4  stm32f10x_tim.o(.text)
    TIM_SetCompare4                          0x08001e85   Thumb Code     6  stm32f10x_tim.o(.text)
    TIM_SetClockDivision                     0x08001e8b   Thumb Code    18  stm32f10x_tim.o(.text)
    TIM_GetCapture1                          0x08001e9d   Thumb Code     6  stm32f10x_tim.o(.text)
    TIM_GetCapture2                          0x08001ea3   Thumb Code     6  stm32f10x_tim.o(.text)
    TIM_GetCapture3                          0x08001ea9   Thumb Code     6  stm32f10x_tim.o(.text)
    TIM_GetCapture4                          0x08001eaf   Thumb Code     8  stm32f10x_tim.o(.text)
    TIM_GetCounter                           0x08001eb7   Thumb Code     6  stm32f10x_tim.o(.text)
    TIM_GetPrescaler                         0x08001ebd   Thumb Code     6  stm32f10x_tim.o(.text)
    TIM_GetFlagStatus                        0x08001ec3   Thumb Code    18  stm32f10x_tim.o(.text)
    TIM_ClearFlag                            0x08001ed5   Thumb Code     6  stm32f10x_tim.o(.text)
    TIM_GetITStatus                          0x08001edb   Thumb Code    34  stm32f10x_tim.o(.text)
    TIM_ClearITPendingBit                    0x08001efd   Thumb Code     6  stm32f10x_tim.o(.text)
    USART_DeInit                             0x08001f05   Thumb Code   134  stm32f10x_usart.o(.text)
    USART_Init                               0x08001f8b   Thumb Code   210  stm32f10x_usart.o(.text)
    USART_StructInit                         0x0800205d   Thumb Code    24  stm32f10x_usart.o(.text)
    USART_ClockInit                          0x08002075   Thumb Code    34  stm32f10x_usart.o(.text)
    USART_ClockStructInit                    0x08002097   Thumb Code    12  stm32f10x_usart.o(.text)
    USART_Cmd                                0x080020a3   Thumb Code    24  stm32f10x_usart.o(.text)
    USART_ITConfig                           0x080020bb   Thumb Code    74  stm32f10x_usart.o(.text)
    USART_DMACmd                             0x08002105   Thumb Code    18  stm32f10x_usart.o(.text)
    USART_SetAddress                         0x08002117   Thumb Code    18  stm32f10x_usart.o(.text)
    USART_WakeUpConfig                       0x08002129   Thumb Code    18  stm32f10x_usart.o(.text)
    USART_ReceiverWakeUpCmd                  0x0800213b   Thumb Code    24  stm32f10x_usart.o(.text)
    USART_LINBreakDetectLengthConfig         0x08002153   Thumb Code    18  stm32f10x_usart.o(.text)
    USART_LINCmd                             0x08002165   Thumb Code    24  stm32f10x_usart.o(.text)
    USART_SendData                           0x0800217d   Thumb Code     8  stm32f10x_usart.o(.text)
    USART_ReceiveData                        0x08002185   Thumb Code    10  stm32f10x_usart.o(.text)
    USART_SendBreak                          0x0800218f   Thumb Code    10  stm32f10x_usart.o(.text)
    USART_SetGuardTime                       0x08002199   Thumb Code    16  stm32f10x_usart.o(.text)
    USART_SetPrescaler                       0x080021a9   Thumb Code    16  stm32f10x_usart.o(.text)
    USART_SmartCardCmd                       0x080021b9   Thumb Code    24  stm32f10x_usart.o(.text)
    USART_SmartCardNACKCmd                   0x080021d1   Thumb Code    24  stm32f10x_usart.o(.text)
    USART_HalfDuplexCmd                      0x080021e9   Thumb Code    24  stm32f10x_usart.o(.text)
    USART_OverSampling8Cmd                   0x08002201   Thumb Code    22  stm32f10x_usart.o(.text)
    USART_OneBitMethodCmd                    0x08002217   Thumb Code    24  stm32f10x_usart.o(.text)
    USART_IrDAConfig                         0x0800222f   Thumb Code    18  stm32f10x_usart.o(.text)
    USART_IrDACmd                            0x08002241   Thumb Code    24  stm32f10x_usart.o(.text)
    USART_GetFlagStatus                      0x08002259   Thumb Code    26  stm32f10x_usart.o(.text)
    USART_ClearFlag                          0x08002273   Thumb Code    18  stm32f10x_usart.o(.text)
    USART_GetITStatus                        0x08002285   Thumb Code    84  stm32f10x_usart.o(.text)
    USART_ClearITPendingBit                  0x080022d9   Thumb Code    52  stm32f10x_usart.o(.text)
    main                                     0x0800230d   Thumb Code    62  main.o(.text)
    USART3_IRQHandler                        0x08002355   Thumb Code   180  stm32f10x_it.o(.text)
    NMI_Handler                              0x08002409   Thumb Code     2  stm32f10x_it.o(.text)
    HardFault_Handler                        0x0800240b   Thumb Code     4  stm32f10x_it.o(.text)
    MemManage_Handler                        0x0800240f   Thumb Code     4  stm32f10x_it.o(.text)
    BusFault_Handler                         0x08002413   Thumb Code     4  stm32f10x_it.o(.text)
    UsageFault_Handler                       0x08002417   Thumb Code     4  stm32f10x_it.o(.text)
    SVC_Handler                              0x0800241b   Thumb Code     2  stm32f10x_it.o(.text)
    DebugMon_Handler                         0x0800241d   Thumb Code     2  stm32f10x_it.o(.text)
    PendSV_Handler                           0x0800241f   Thumb Code     2  stm32f10x_it.o(.text)
    SysTick_Handler                          0x08002421   Thumb Code     2  stm32f10x_it.o(.text)
    LED_Init                                 0x08002439   Thumb Code    46  led.o(.text)
    LED_Power                                0x08002467   Thumb Code    36  led.o(.text)
    Delay                                    0x08002491   Thumb Code    18  key.o(.text)
    KEY_Init                                 0x080024a3   Thumb Code    70  key.o(.text)
    Key_Scan                                 0x080024e9   Thumb Code   334  key.o(.text)
    OLED_WrDat                               0x08002641   Thumb Code    86  oled.o(.text)
    OLED_WrCmd                               0x08002697   Thumb Code    84  oled.o(.text)
    OLED_Set_Pos                             0x080026eb   Thumb Code    36  oled.o(.text)
    OLED_Fill                                0x0800270f   Thumb Code    58  oled.o(.text)
    OLED_CLS                                 0x08002749   Thumb Code    56  oled.o(.text)
    OLED_DLY_ms                              0x08002781   Thumb Code    24  oled.o(.text)
    adjust                                   0x08002799   Thumb Code    12  oled.o(.text)
    SetStartColumn                           0x080027a5   Thumb Code    44  oled.o(.text)
    SetAddressingMode                        0x080027d1   Thumb Code    18  oled.o(.text)
    SetColumnAddress                         0x080027e3   Thumb Code    26  oled.o(.text)
    SetPageAddress                           0x080027fd   Thumb Code    26  oled.o(.text)
    SetStartLine                             0x08002817   Thumb Code    14  oled.o(.text)
    SetContrastControl                       0x08002825   Thumb Code    18  oled.o(.text)
    Set_Charge_Pump                          0x08002837   Thumb Code    20  oled.o(.text)
    Set_Segment_Remap                        0x0800284b   Thumb Code    14  oled.o(.text)
    Set_Entire_Display                       0x08002859   Thumb Code    14  oled.o(.text)
    Set_Inverse_Display                      0x08002867   Thumb Code    14  oled.o(.text)
    Set_Multiplex_Ratio                      0x08002875   Thumb Code    18  oled.o(.text)
    Set_Display_On_Off                       0x08002887   Thumb Code    14  oled.o(.text)
    SetStartPage                             0x08002895   Thumb Code    14  oled.o(.text)
    Set_Common_Remap                         0x080028a3   Thumb Code    14  oled.o(.text)
    Set_Display_Offset                       0x080028b1   Thumb Code    18  oled.o(.text)
    Set_Display_Clock                        0x080028c3   Thumb Code    18  oled.o(.text)
    Set_Precharge_Period                     0x080028d5   Thumb Code    18  oled.o(.text)
    Set_Common_Config                        0x080028e7   Thumb Code    20  oled.o(.text)
    Set_VCOMH                                0x080028fb   Thumb Code    18  oled.o(.text)
    Set_NOP                                  0x0800290d   Thumb Code    10  oled.o(.text)
    OLED_Init                                0x08002917   Thumb Code   298  oled.o(.text)
    OLED_PutPixel                            0x08002a41   Thumb Code    72  oled.o(.text)
    OLED_P6x8Str                             0x08002a89   Thumb Code    96  oled.o(.text)
    OLED_P8x16Str                            0x08002ae9   Thumb Code   130  oled.o(.text)
    Dis_Char                                 0x08002b6b   Thumb Code    34  oled.o(.text)
    Dis_Num                                  0x08002b8d   Thumb Code   164  oled.o(.text)
    Dis_Float                                0x08002c31   Thumb Code   444  oled.o(.text)
    Dis_Float2                               0x08002ded   Thumb Code   370  oled.o(.text)
    Draw_BMP                                 0x08002f5f   Thumb Code   116  oled.o(.text)
    OLED_P8x16Num_8bit                       0x08002fd3   Thumb Code    60  oled.o(.text)
    OLED_P6x8Num_8bit                        0x0800300f   Thumb Code    60  oled.o(.text)
    OLED_Num                                 0x0800304b   Thumb Code    60  oled.o(.text)
    OLED_3num                                0x08003087   Thumb Code    90  oled.o(.text)
    OLED_4num                                0x080030e1   Thumb Code   134  oled.o(.text)
    OLED_Num5                                0x08003167   Thumb Code   152  oled.o(.text)
    delay_init                               0x08003205   Thumb Code    56  delay.o(.text)
    delay_ms                                 0x0800323d   Thumb Code    56  delay.o(.text)
    delay_us                                 0x08003275   Thumb Code    56  delay.o(.text)
    delay                                    0x080032ad   Thumb Code    24  delay.o(.text)
    TIM4_Int_Init                            0x080032cd   Thumb Code    98  tim_pwm_in.o(.text)
    TIM4_IRQHandler                          0x0800332f   Thumb Code    38  tim_pwm_in.o(.text)
    page1                                    0x0800335d   Thumb Code   294  page.o(.text)
    page2                                    0x08003483   Thumb Code   286  page.o(.text)
    page3                                    0x080035a1   Thumb Code    32  page.o(.text)
    OLED_Display                             0x080035c1   Thumb Code    46  page.o(.text)
    Get_PPM_Data                             0x08003661   Thumb Code    34  ppm.o(.text)
    USART1_Send_Char                         0x08003683   Thumb Code    16  ppm.o(.text)
    USART1_Send_Data                         0x08003693   Thumb Code    34  ppm.o(.text)
    Send_PPM_Data                            0x080036b5   Thumb Code    16  ppm.o(.text)
    USART1_Init                              0x080036c5   Thumb Code   162  ppm.o(.text)
    USART1_IRQHandler                        0x08003767   Thumb Code   158  ppm.o(.text)
    IAC_Init                                 0x08003825   Thumb Code    40  app.o(.text)
    NVIC_Configuration                       0x0800384d   Thumb Code   146  config.o(.text)
    RCC_Configuration                        0x080038df   Thumb Code   112  config.o(.text)
    __aeabi_fdiv                             0x0800394f   Thumb Code   124  fdiv.o(.text)
    __aeabi_dadd                             0x080039cb   Thumb Code   322  dadd.o(.text)
    __aeabi_dsub                             0x08003b0d   Thumb Code     6  dadd.o(.text)
    __aeabi_drsub                            0x08003b13   Thumb Code     6  dadd.o(.text)
    __aeabi_dmul                             0x08003b19   Thumb Code   228  dmul.o(.text)
    __aeabi_i2f                              0x08003bfd   Thumb Code    18  fflti.o(.text)
    __aeabi_i2d                              0x08003c0f   Thumb Code    34  dflti.o(.text)
    __aeabi_ui2d                             0x08003c31   Thumb Code    26  dfltui.o(.text)
    __aeabi_d2iz                             0x08003c4b   Thumb Code    62  dfixi.o(.text)
    __aeabi_d2uiz                            0x08003c89   Thumb Code    50  dfixui.o(.text)
    __aeabi_f2d                              0x08003cbb   Thumb Code    38  f2d.o(.text)
    __aeabi_cdcmpeq                          0x08003ce1   Thumb Code     0  cdcmple.o(.text)
    __aeabi_cdcmple                          0x08003ce1   Thumb Code    48  cdcmple.o(.text)
    __aeabi_llsl                             0x08003d11   Thumb Code    30  llshl.o(.text)
    _ll_shift_l                              0x08003d11   Thumb Code     0  llshl.o(.text)
    __aeabi_llsr                             0x08003d2f   Thumb Code    32  llushr.o(.text)
    _ll_ushift_r                             0x08003d2f   Thumb Code     0  llushr.o(.text)
    __aeabi_lasr                             0x08003d4f   Thumb Code    36  llsshr.o(.text)
    _ll_sshift_r                             0x08003d4f   Thumb Code     0  llsshr.o(.text)
    __I$use$fp                               0x08003d73   Thumb Code     0  iusefp.o(.text)
    _float_round                             0x08003d73   Thumb Code    18  fepilogue.o(.text)
    _float_epilogue                          0x08003d85   Thumb Code    92  fepilogue.o(.text)
    _double_round                            0x08003de1   Thumb Code    30  depilogue.o(.text)
    _double_epilogue                         0x08003dff   Thumb Code   156  depilogue.o(.text)
    __scatterload                            0x08003e9d   Thumb Code    28  init.o(.text)
    __scatterload_rt2                        0x08003e9d   Thumb Code     0  init.o(.text)
    __scatterload_copy                       0x08003ec1   Thumb Code    14  handlers.o(i.__scatterload_copy)
    __scatterload_null                       0x08003ecf   Thumb Code     2  handlers.o(i.__scatterload_null)
    __scatterload_zeroinit                   0x08003ed1   Thumb Code    14  handlers.o(i.__scatterload_zeroinit)
    F6x8                                     0x08003ede   Data         552  oled.o(.constdata)
    F8X16                                    0x08004106   Data        1520  oled.o(.constdata)
    Region$$Table$$Base                      0x080046f8   Number         0  anon$$obj.o(Region$$Table)
    Region$$Table$$Limit                     0x08004718   Number         0  anon$$obj.o(Region$$Table)
    SystemCoreClock                          0x20000000   Data           4  system_stm32f10x.o(.data)
    AHBPrescTable                            0x20000004   Data          16  system_stm32f10x.o(.data)
    RxState                                  0x20000028   Data           1  stm32f10x_it.o(.data)
    time_5_ms                                0x20000030   Data           1  tim_pwm_in.o(.data)
    page                                     0x20000031   Data           1  page.o(.data)
    PPM_to_F4_BUF                            0x20000032   Data           7  ppm.o(.data)
    USART1_Receive_Head                      0x20000039   Data           1  ppm.o(.data)
    USART1_Receive_Data                      0x2000003a   Data           1  ppm.o(.data)
    USART1_RX_number                         0x2000003b   Data           1  ppm.o(.data)
    RxBUffer                                 0x2000003c   Data          50  stm32f10x_it.o(.bss)
    F4_to_PPM_BUF                            0x2000006e   Data          16  ppm.o(.bss)
    USART1_RX_buffer                         0x2000007e   Data          16  ppm.o(.bss)
    __initial_sp                             0x20000490   Data           0  startup_stm32f10x_hd.o(STACK)



==============================================================================

Memory Map of the image

  Image Entry point : 0x08000131

  Load Region LR_IROM1 (Base: 0x08000000, Size: 0x00004754, Max: 0x00010000, ABSOLUTE)

    Execution Region ER_IROM1 (Base: 0x08000000, Size: 0x00004718, Max: 0x00010000, ABSOLUTE)

    Base Addr    Size         Type   Attr      Idx    E Section Name        Object

    0x08000000   0x00000130   Data   RO            3    RESET               startup_stm32f10x_hd.o
    0x08000130   0x00000000   Code   RO          629  * .ARM.Collect$$$$00000000  mc_w.l(entry.o)
    0x08000130   0x00000004   Code   RO          652    .ARM.Collect$$$$00000001  mc_w.l(entry2.o)
    0x08000134   0x00000004   Code   RO          655    .ARM.Collect$$$$00000004  mc_w.l(entry5.o)
    0x08000138   0x00000000   Code   RO          657    .ARM.Collect$$$$00000008  mc_w.l(entry7b.o)
    0x08000138   0x00000000   Code   RO          659    .ARM.Collect$$$$0000000A  mc_w.l(entry8b.o)
    0x08000138   0x00000008   Code   RO          660    .ARM.Collect$$$$0000000B  mc_w.l(entry9a.o)
    0x08000140   0x00000000   Code   RO          662    .ARM.Collect$$$$0000000D  mc_w.l(entry10a.o)
    0x08000140   0x00000000   Code   RO          664    .ARM.Collect$$$$0000000F  mc_w.l(entry11a.o)
    0x08000140   0x00000004   Code   RO          653    .ARM.Collect$$$$00002712  mc_w.l(entry2.o)
    0x08000144   0x00000024   Code   RO            4    .text               startup_stm32f10x_hd.o
    0x08000168   0x000001e0   Code   RO           24    .text               system_stm32f10x.o
    0x08000348   0x000000dc   Code   RO          121    .text               misc.o
    0x08000424   0x000005bc   Code   RO          245    .text               stm32f10x_flash.o
    0x080009e0   0x00000364   Code   RO          269    .text               stm32f10x_gpio.o
    0x08000d44   0x000003a4   Code   RO          317    .text               stm32f10x_rcc.o
    0x080010e8   0x00000e1a   Code   RO          367    .text               stm32f10x_tim.o
    0x08001f02   0x00000002   PAD
    0x08001f04   0x00000408   Code   RO          379    .text               stm32f10x_usart.o
    0x0800230c   0x00000048   Code   RO          403    .text               main.o
    0x08002354   0x000000e4   Code   RO          465    .text               stm32f10x_it.o
    0x08002438   0x00000058   Code   RO          484    .text               led.o
    0x08002490   0x000001b0   Code   RO          496    .text               key.o
    0x08002640   0x00000bc4   Code   RO          508    .text               oled.o
    0x08003204   0x000000c8   Code   RO          535    .text               delay.o
    0x080032cc   0x00000090   Code   RO          549    .text               tim_pwm_in.o
    0x0800335c   0x00000304   Code   RO          570    .text               page.o
    0x08003660   0x000001c4   Code   RO          586    .text               ppm.o
    0x08003824   0x00000028   Code   RO          602    .text               app.o
    0x0800384c   0x00000102   Code   RO          617    .text               config.o
    0x0800394e   0x0000007c   Code   RO          632    .text               mf_w.l(fdiv.o)
    0x080039ca   0x0000014e   Code   RO          634    .text               mf_w.l(dadd.o)
    0x08003b18   0x000000e4   Code   RO          636    .text               mf_w.l(dmul.o)
    0x08003bfc   0x00000012   Code   RO          638    .text               mf_w.l(fflti.o)
    0x08003c0e   0x00000022   Code   RO          640    .text               mf_w.l(dflti.o)
    0x08003c30   0x0000001a   Code   RO          642    .text               mf_w.l(dfltui.o)
    0x08003c4a   0x0000003e   Code   RO          644    .text               mf_w.l(dfixi.o)
    0x08003c88   0x00000032   Code   RO          646    .text               mf_w.l(dfixui.o)
    0x08003cba   0x00000026   Code   RO          648    .text               mf_w.l(f2d.o)
    0x08003ce0   0x00000030   Code   RO          650    .text               mf_w.l(cdcmple.o)
    0x08003d10   0x0000001e   Code   RO          666    .text               mc_w.l(llshl.o)
    0x08003d2e   0x00000020   Code   RO          668    .text               mc_w.l(llushr.o)
    0x08003d4e   0x00000024   Code   RO          670    .text               mc_w.l(llsshr.o)
    0x08003d72   0x00000000   Code   RO          672    .text               mc_w.l(iusefp.o)
    0x08003d72   0x0000006e   Code   RO          673    .text               mf_w.l(fepilogue.o)
    0x08003de0   0x000000ba   Code   RO          675    .text               mf_w.l(depilogue.o)
    0x08003e9a   0x00000002   PAD
    0x08003e9c   0x00000024   Code   RO          677    .text               mc_w.l(init.o)
    0x08003ec0   0x0000000e   Code   RO          681    i.__scatterload_copy  mc_w.l(handlers.o)
    0x08003ece   0x00000002   Code   RO          682    i.__scatterload_null  mc_w.l(handlers.o)
    0x08003ed0   0x0000000e   Code   RO          683    i.__scatterload_zeroinit  mc_w.l(handlers.o)
    0x08003ede   0x00000818   Data   RO          509    .constdata          oled.o
    0x080046f6   0x00000002   PAD
    0x080046f8   0x00000020   Data   RO          679    Region$$Table       anon$$obj.o


    Execution Region RW_IRAM1 (Base: 0x20000000, Size: 0x00000490, Max: 0x00005000, ABSOLUTE)

    Base Addr    Size         Type   Attr      Idx    E Section Name        Object

    0x20000000   0x00000014   Data   RW           25    .data               system_stm32f10x.o
    0x20000014   0x00000014   Data   RW          318    .data               stm32f10x_rcc.o
    0x20000028   0x00000003   Data   RW          467    .data               stm32f10x_it.o
    0x2000002b   0x00000001   PAD
    0x2000002c   0x00000004   Data   RW          536    .data               delay.o
    0x20000030   0x00000001   Data   RW          550    .data               tim_pwm_in.o
    0x20000031   0x00000001   Data   RW          571    .data               page.o
    0x20000032   0x0000000a   Data   RW          588    .data               ppm.o
    0x2000003c   0x00000032   Zero   RW          466    .bss                stm32f10x_it.o
    0x2000006e   0x00000020   Zero   RW          587    .bss                ppm.o
    0x2000008e   0x00000002   PAD
    0x20000090   0x00000400   Zero   RW            1    STACK               startup_stm32f10x_hd.o


==============================================================================

Image component sizes


      Code (inc. data)   RO Data    RW Data    ZI Data      Debug   Object Name

        40          0          0          0          0        467   app.o
       258          0          0          0          0        807   config.o
         0          0          0          0          0       4504   core_cm3.o
       200          8          0          4          0       1209   delay.o
       432         10          0          0          0       1454   key.o
        88          6          0          0          0        617   led.o
        72         10          0          0          0       1183   main.o
       220         22          0          0          0       1785   misc.o
      3012         34       2072          0          0      11003   oled.o
       772        120          0          1          0       1224   page.o
       452         32          0         10         32       2613   ppm.o
        36          8        304          0       1024        852   startup_stm32f10x_hd.o
      1468         34          0          0          0       8018   stm32f10x_flash.o
       868         38          0          0          0       5813   stm32f10x_gpio.o
       228         22          0          3         50       2175   stm32f10x_it.o
       932         36          0         20          0       8808   stm32f10x_rcc.o
      3610         88          0          0          0      22116   stm32f10x_tim.o
      1032         22          0          0          0       8352   stm32f10x_usart.o
       480         38          0         20          0     255079   system_stm32f10x.o
       144          8          0          1          0       1044   tim_pwm_in.o

    ----------------------------------------------------------------------
     14346        536       2410         60       1108     339123   Object Totals
         0          0         32          0          0          0   (incl. Generated)
         2          0          2          1          2          0   (incl. Padding)

    ----------------------------------------------------------------------

      Code (inc. data)   RO Data    RW Data    ZI Data      Debug   Library Member Name

         0          0          0          0          0          0   entry.o
         0          0          0          0          0          0   entry10a.o
         0          0          0          0          0          0   entry11a.o
         8          4          0          0          0          0   entry2.o
         4          0          0          0          0          0   entry5.o
         0          0          0          0          0          0   entry7b.o
         0          0          0          0          0          0   entry8b.o
         8          4          0          0          0          0   entry9a.o
        30          0          0          0          0          0   handlers.o
        36          8          0          0          0         68   init.o
         0          0          0          0          0          0   iusefp.o
        30          0          0          0          0         68   llshl.o
        36          0          0          0          0         68   llsshr.o
        32          0          0          0          0         68   llushr.o
        48          0          0          0          0         68   cdcmple.o
       334          0          0          0          0        148   dadd.o
       186          0          0          0          0        176   depilogue.o
        62          0          0          0          0         80   dfixi.o
        50          0          0          0          0         76   dfixui.o
        34          0          0          0          0         76   dflti.o
        26          0          0          0          0         76   dfltui.o
       228          0          0          0          0         96   dmul.o
        38          0          0          0          0         68   f2d.o
       124          0          0          0          0         88   fdiv.o
       110          0          0          0          0        168   fepilogue.o
        18          0          0          0          0         68   fflti.o

    ----------------------------------------------------------------------
      1444         16          0          0          0       1460   Library Totals
         2          0          0          0          0          0   (incl. Padding)

    ----------------------------------------------------------------------

      Code (inc. data)   RO Data    RW Data    ZI Data      Debug   Library Name

       184         16          0          0          0        272   mc_w.l
      1258          0          0          0          0       1188   mf_w.l

    ----------------------------------------------------------------------
      1444         16          0          0          0       1460   Library Totals

    ----------------------------------------------------------------------

==============================================================================


      Code (inc. data)   RO Data    RW Data    ZI Data      Debug   

     15790        552       2410         60       1108     338551   Grand Totals
     15790        552       2410         60       1108     338551   ELF Image Totals
     15790        552       2410         60          0          0   ROM Totals

==============================================================================

    Total RO  Size (Code + RO Data)                18200 (  17.77kB)
    Total RW  Size (RW Data + ZI Data)              1168 (   1.14kB)
    Total ROM Size (Code + RO Data + RW Data)      18260 (  17.83kB)

==============================================================================

