Component: ARM Compiler 5.05 update 2 (build 169) Tool: armlink [4d0f33]

==============================================================================

Section Cross References

    system_stm32f4xx.o(.text) refers to system_stm32f4xx.o(.data) for SystemCoreClock
    startup_stm32f427_437xx.o(RESET) refers to startup_stm32f427_437xx.o(STACK) for __initial_sp
    startup_stm32f427_437xx.o(RESET) refers to startup_stm32f427_437xx.o(.text) for Reset_Handler
    startup_stm32f427_437xx.o(RESET) refers to stm32f4xx_it.o(.text) for NMI_Handler
    startup_stm32f427_437xx.o(RESET) refers to tim.o(.text) for TIM3_IRQHandler
    startup_stm32f427_437xx.o(RESET) refers to sdio_sdcard.o(.text) for SDIO_IRQHandler
    startup_stm32f427_437xx.o(RESET) refers to communication.o(.text) for USART6_IRQHandler
    startup_stm32f427_437xx.o(.text) refers to system_stm32f4xx.o(.text) for SystemInit
    startup_stm32f427_437xx.o(.text) refers to entry.o(.ARM.Collect$$$$00000000) for __main
    main.o(.text) refers to bsp.o(.text) for BSP_initialization
    main.o(.text) refers to control_algorithm.o(.text) for Motor_Send_stop_task
    main.o(.text) refers to tim.o(.data) for time_3_ms
    main.o(.text) refers to communication.o(.bss) for RC_bf
    stm32f4xx_gpio.o(.text) refers to stm32f4xx_rcc.o(.text) for RCC_AHB1PeriphResetCmd
    stm32f4xx_rcc.o(.text) refers to stm32f4xx_rcc.o(.data) for APBAHBPrescTable
    stm32f4xx_usart.o(.text) refers to stm32f4xx_rcc.o(.text) for RCC_APB2PeriphResetCmd
    stm32f4xx_spi.o(.text) refers to stm32f4xx_rcc.o(.text) for RCC_APB2PeriphResetCmd
    stm32f4xx_sdio.o(.text) refers to stm32f4xx_rcc.o(.text) for RCC_APB2PeriphResetCmd
    stm32f4xx_tim.o(.text) refers to stm32f4xx_rcc.o(.text) for RCC_APB2PeriphResetCmd
    stm32f4xx_adc.o(.text) refers to stm32f4xx_rcc.o(.text) for RCC_APB2PeriphResetCmd
    stm32f4xx_can.o(.text) refers to stm32f4xx_rcc.o(.text) for RCC_APB1PeriphResetCmd
    stm32f4xx_cryp.o(.text) refers to stm32f4xx_rcc.o(.text) for RCC_AHB2PeriphResetCmd
    stm32f4xx_cryp_aes.o(.text) refers to stm32f4xx_cryp.o(.text) for CRYP_KeyStructInit
    stm32f4xx_cryp_des.o(.text) refers to stm32f4xx_cryp.o(.text) for CRYP_KeyStructInit
    stm32f4xx_cryp_tdes.o(.text) refers to stm32f4xx_cryp.o(.text) for CRYP_KeyStructInit
    stm32f4xx_dac.o(.text) refers to stm32f4xx_rcc.o(.text) for RCC_APB1PeriphResetCmd
    stm32f4xx_dma2d.o(.text) refers to stm32f4xx_rcc.o(.text) for RCC_AHB1PeriphResetCmd
    stm32f4xx_hash.o(.text) refers to stm32f4xx_rcc.o(.text) for RCC_AHB2PeriphResetCmd
    stm32f4xx_hash_md5.o(.text) refers to stm32f4xx_hash.o(.text) for HASH_DeInit
    stm32f4xx_hash_sha1.o(.text) refers to stm32f4xx_hash.o(.text) for HASH_DeInit
    stm32f4xx_i2c.o(.text) refers to stm32f4xx_rcc.o(.text) for RCC_APB1PeriphResetCmd
    stm32f4xx_ltdc.o(.text) refers to stm32f4xx_rcc.o(.text) for RCC_APB2PeriphResetCmd
    stm32f4xx_pwr.o(.text) refers to stm32f4xx_rcc.o(.text) for RCC_APB1PeriphResetCmd
    stm32f4xx_rng.o(.text) refers to stm32f4xx_rcc.o(.text) for RCC_AHB2PeriphResetCmd
    stm32f4xx_sai.o(.text) refers to stm32f4xx_rcc.o(.text) for RCC_APB2PeriphResetCmd
    stm32f4xx_syscfg.o(.text) refers to stm32f4xx_rcc.o(.text) for RCC_APB2PeriphResetCmd
    stm32f4xx_wwdg.o(.text) refers to stm32f4xx_rcc.o(.text) for RCC_APB1PeriphResetCmd
    spi.o(.text) refers to stm32f4xx_rcc.o(.text) for RCC_AHB1PeriphClockCmd
    spi.o(.text) refers to stm32f4xx_gpio.o(.text) for GPIO_PinAFConfig
    spi.o(.text) refers to stm32f4xx_spi.o(.text) for SPI_I2S_DeInit
    uart.o(.text) refers to stm32f4xx_rcc.o(.text) for RCC_AHB1PeriphClockCmd
    uart.o(.text) refers to stm32f4xx_gpio.o(.text) for GPIO_Init
    uart.o(.text) refers to stm32f4xx_usart.o(.text) for USART_Init
    uart.o(.text) refers to uart.o(.bss) for OutData
    mpu6000.o(.text) refers to stm32f4xx_rcc.o(.text) for RCC_AHB1PeriphClockCmd
    mpu6000.o(.text) refers to stm32f4xx_gpio.o(.text) for GPIO_Init
    mpu6000.o(.text) refers to spi.o(.text) for SPI1_ReadWriteByte
    mpu6000.o(.text) refers to delay.o(.text) for delay_ms
    delay.o(.text) refers to misc.o(.text) for SysTick_CLKSourceConfig
    delay.o(.text) refers to delay.o(.data) for fac_us
    ms5611.o(.text) refers to stm32f4xx_rcc.o(.text) for RCC_AHB1PeriphClockCmd
    ms5611.o(.text) refers to stm32f4xx_gpio.o(.text) for GPIO_Init
    ms5611.o(.text) refers to spi.o(.text) for SPI1_ReadWriteByte
    ms5611.o(.text) refers to delay.o(.text) for delay_us
    ms5611.o(.text) refers to bsp.o(.bss) for MS5611_PROM_DATA_SHARED
    ms5611.o(.text) refers to bsp.o(.data) for MS5611_NORMAL_DATA_SHARED
    tim.o(.text) refers to stm32f4xx_rcc.o(.text) for RCC_APB1PeriphClockCmd
    tim.o(.text) refers to stm32f4xx_tim.o(.text) for TIM_TimeBaseInit
    tim.o(.text) refers to misc.o(.text) for NVIC_Init
    tim.o(.text) refers to control_algorithm.o(.text) for Calculate_target_amount
    tim.o(.text) refers to mpu6000.o(.text) for MPU6000_Get_Original_Value
[...]
    stm32f4xx_it.c                           0x00000000   Number         0  stm32f4xx_it.o ABSOLUTE
    stm32f4xx_it.c                           0x00000000   Number         0  stm32f4xx_it.o ABSOLUTE
    RESET                                    0x08000000   Section      428  startup_stm32f427_437xx.o(RESET)
    .ARM.Collect$$$$00000000                 0x080001ac   Section        0  entry.o(.ARM.Collect$$$$00000000)
    .ARM.Collect$$$$00000001                 0x080001ac   Section        4  entry2.o(.ARM.Collect$$$$00000001)
    .ARM.Collect$$$$00000004                 0x080001b0   Section        4  entry5.o(.ARM.Collect$$$$00000004)
    .ARM.Collect$$$$00000008                 0x080001b4   Section        0  entry7b.o(.ARM.Collect$$$$00000008)
    .ARM.Collect$$$$0000000A                 0x080001b4   Section        0  entry8b.o(.ARM.Collect$$$$0000000A)
    .ARM.Collect$$$$0000000B                 0x080001b4   Section        8  entry9a.o(.ARM.Collect$$$$0000000B)
    .ARM.Collect$$$$0000000D                 0x080001bc   Section        0  entry10a.o(.ARM.Collect$$$$0000000D)
    .ARM.Collect$$$$0000000F                 0x080001bc   Section        0  entry11a.o(.ARM.Collect$$$$0000000F)
    .ARM.Collect$$$$00002712                 0x080001bc   Section        4  entry2.o(.ARM.Collect$$$$00002712)
    __lit__00000000                          0x080001bc   Data           4  entry2.o(.ARM.Collect$$$$00002712)
    .emb_text                                0x080001c0   Section       24  sys.o(.emb_text)
    $v0                                      0x080001c0   Number         0  sys.o(.emb_text)
    .text                                    0x080001d8   Section        0  system_stm32f4xx.o(.text)
    SetSysClock                              0x080001d9   Thumb Code   272  system_stm32f4xx.o(.text)
    .text                                    0x0800041c   Section       36  startup_stm32f427_437xx.o(.text)
    $v0                                      0x0800041c   Number         0  startup_stm32f427_437xx.o(.text)
    .text                                    0x08000440   Section        0  main.o(.text)
    .text                                    0x080004bc   Section        0  stm32f4xx_it.o(.text)
    .text                                    0x080004d8   Section        0  misc.o(.text)
    .text                                    0x080005b8   Section        0  stm32f4xx_gpio.o(.text)
    .text                                    0x0800084c   Section        0  stm32f4xx_rcc.o(.text)
    .text                                    0x08000e84   Section        0  stm32f4xx_usart.o(.text)
    .text                                    0x080012d8   Section        0  stm32f4xx_spi.o(.text)
    .text                                    0x08001728   Section        0  stm32f4xx_sdio.o(.text)
    .text                                    0x08001904   Section        0  stm32f4xx_tim.o(.text)
    TI4_Config                               0x080020a3   Thumb Code    80  stm32f4xx_tim.o(.text)
    TI3_Config                               0x08002105   Thumb Code    72  stm32f4xx_tim.o(.text)
    TI2_Config                               0x08002167   Thumb Code    90  stm32f4xx_tim.o(.text)
    TI1_Config                               0x080021d3   Thumb Code    58  stm32f4xx_tim.o(.text)
    .text                                    0x080025a8   Section        0  stm32f4xx_dma.o(.text)
    .text                                    0x08002950   Section        0  spi.o(.text)
    .text                                    0x08002a5c   Section        0  uart.o(.text)
    .text                                    0x08002c3c   Section        0  mpu6000.o(.text)
    MPU6000_ReadData                         0x08002c75   Thumb Code    48  mpu6000.o(.text)
    MPU6000_WriteData                        0x08002ca5   Thumb Code    46  mpu6000.o(.text)
    MPU6000_BrustReadData                    0x08002cd3   Thumb Code    64  mpu6000.o(.text)
    MPU6000_GetGyroRaw                       0x08002e95   Thumb Code    72  mpu6000.o(.text)
    MPU6000_GetAccelRaw                      0x08002edd   Thumb Code    72  mpu6000.o(.text)
    MPU6000_GetTempRaw                       0x08002f25   Thumb Code    38  mpu6000.o(.text)
    .text                                    0x08003180   Section        0  delay.o(.text)
    .text                                    0x08003284   Section        0  tim.o(.text)
    .text                                    0x0800351c   Section        0  sdio_sdcard.o(.text)
    .text                                    0x08005288   Section        0  led.o(.text)
    .text                                    0x080052f8   Section        0  communication.o(.text)
    .text                                    0x080054e0   Section        0  bsp.o(.text)
    .text                                    0x080055f4   Section        0  filtering_algorithm.o(.text)
    .text                                    0x08005820   Section        0  attitude_algorithm.o(.text)
    .text                                    0x08005fe0   Section        0  math_algorithm.o(.text)
    .text                                    0x080065a8   Section        0  control_algorithm.o(.text)
    .text                                    0x08006ef4   Section        0  memcpya.o(.text)
    .text                                    0x08006f18   Section        0  dadd.o(.text)
    .text                                    0x08007066   Section        0  dmul.o(.text)
    .text                                    0x0800714a   Section        0  dflti.o(.text)
    .text                                    0x0800716c   Section        0  dfixui.o(.text)
    .text                                    0x0800719e   Section        0  f2d.o(.text)
    .text                                    0x080071c4   Section       48  cdcmple.o(.text)
    .text                                    0x080071f4   Section       48  cdrcmple.o(.text)
    .text                                    0x08007224   Section        0  d2f.o(.text)
    .text                                    0x0800725c   Section        0  llshl.o(.text)
    .text                                    0x0800727a   Section        0  llushr.o(.text)
    .text                                    0x0800729a   Section        0  llsshr.o(.text)
    .text                                    0x080072be   Section        0  fepilogue.o(.text)
    .text                                    0x080072be   Section        0  iusefp.o(.text)
    .text                                    0x0800732c   Section        0  depilogue.o(.text)
    .text                                    0x080073e6   Section        0  ddiv.o(.text)
    .text                                    0x080074c4   Section       36  init.o(.text)
    .text                                    0x080074e8   Section        0  dsqrt.o(.text)
    .text                                    0x0800758a   Section        0  __dczerorl2.o(.text)
    i.__ARM_fpclassify                       0x080075e0   Section        0  fpclassify.o(i.__ARM_fpclassify)
    i.__hardfp_asin                          0x08007610   Section        0  asin.o(i.__hardfp_asin)
    i.__hardfp_atan                          0x08007970   Section        0  atan.o(i.__hardfp_atan)
    i.__hardfp_atan2                         0x08007c48   Section        0  atan2.o(i.__hardfp_atan2)
    i.__kernel_poly                          0x08007e38   Section        0  poly.o(i.__kernel_poly)
    i.__mathlib_dbl_infnan                   0x08007f30   Section        0  dunder.o(i.__mathlib_dbl_infnan)
    i.__mathlib_dbl_infnan2                  0x08007f44   Section        0  dunder.o(i.__mathlib_dbl_infnan2)
    i.__mathlib_dbl_invalid                  0x08007f58   Section        0  dunder.o(i.__mathlib_dbl_invalid)
    i.__mathlib_dbl_underflow                0x08007f78   Section        0  dunder.o(i.__mathlib_dbl_underflow)
    i.__scatterload_copy                     0x08007f98   Section       14  handlers.o(i.__scatterload_copy)
    i.__scatterload_null                     0x08007fa6   Section        2  handlers.o(i.__scatterload_null)
    i.__scatterload_zeroinit                 0x08007fa8   Section       14  handlers.o(i.__scatterload_zeroinit)
    i.__set_errno                            0x08007fb8   Section        0  errno.o(i.__set_errno)
    i.atan                                   0x08007fc4   Section        0  atan.o(i.atan)
    i.fabs                                   0x08007fd4   Section        0  fabs.o(i.fabs)
    i.sqrt                                   0x08007fec   Section        0  sqrt.o(i.sqrt)
    .constdata                               0x08008060   Section       80  asin.o(.constdata)
    pS                                       0x08008060   Data          48  asin.o(.constdata)
    qS                                       0x08008090   Data          32  asin.o(.constdata)
    .constdata                               0x080080b0   Section      152  atan.o(.constdata)
    atanhi                                   0x080080b0   Data          32  atan.o(.constdata)
    atanlo                                   0x080080d0   Data          32  atan.o(.constdata)
    aTodd                                    0x080080f0   Data          40  atan.o(.constdata)
    aTeven                                   0x08008118   Data          48  atan.o(.constdata)
    .constdata                               0x08008148   Section        8  qnan.o(.constdata)
    .ARM.__AT_0x10000000                     0x10000000   Section    61440  malloc.o(.ARM.__AT_0x10000000)
    .ARM.__AT_0x1000F000                     0x1000f000   Section     3840  malloc.o(.ARM.__AT_0x1000F000)
    .data                                    0x20000000   Section       20  system_stm32f4xx.o(.data)
    .data                                    0x20000014   Section       16  stm32f4xx_rcc.o(.data)
    APBAHBPrescTable                         0x20000014   Data          16  stm32f4xx_rcc.o(.data)
    .data                                    0x20000024   Section        4  delay.o(.data)
    fac_us                                   0x20000024   Data           1  delay.o(.data)
    fac_ms                                   0x20000026   Data           2  delay.o(.data)
    .data                                    0x20000028   Section       44  tim.o(.data)
    time_1_ms                                0x20000052   Data           2  tim.o(.data)
    .data                                    0x20000054   Section       16  sdio_sdcard.o(.data)
    CardType                                 0x20000054   Data           1  sdio_sdcard.o(.data)
    RCA                                      0x20000058   Data           4  sdio_sdcard.o(.data)
    DeviceMode                               0x2000005c   Data           1  sdio_sdcard.o(.data)
    StopCondition                            0x2000005d   Data           1  sdio_sdcard.o(.data)
    .data                                    0x20000064   Section        5  communication.o(.data)
    .data                                    0x2000006c   Section       28  filtering_algorithm.o(.data)
    .data                                    0x20000088   Section       72  attitude_algorithm.o(.data)
    err_Int_x                                0x200000b8   Data           4  attitude_algorithm.o(.data)
    err_Int_y                                0x200000bc   Data           4  attitude_algorithm.o(.data)
    err_Int_z                                0x200000c0   Data           4  attitude_algorithm.o(.data)
    .data                                    0x200000d0   Section     1028  math_algorithm.o(.data)
    .data                                    0x200004d4   Section       16  control_algorithm.o(.data)
    .data                                    0x200004e4   Section        4  errno.o(.data)
    _errno                                   0x200004e4   Data           4  errno.o(.data)
    .bss                                     0x200004e8   Section       14  main.o(.bss)
    .bss                                     0x200004f8   Section       16  uart.o(.bss)
    .bss                                     0x20000508   Section      704  sdio_sdcard.o(.bss)
    CSD_Tab                                  0x2000054c   Data          16  sdio_sdcard.o(.bss)
    CID_Tab                                  0x2000055c   Data          16  sdio_sdcard.o(.bss)
    .bss                                     0x200007c8   Section       36  communication.o(.bss)
    .bss                                     0x200007ec   Section      412  bsp.o(.bss)
    .bss                                     0x20000988   Section      384  filtering_algorithm.o(.bss)
    .bss                                     0x20000b08   Section       28  control_algorithm.o(.bss)
    STACK                                    0x20000b28   Section     1024  startup_stm32f427_437xx.o(STACK)
    .ARM.__AT_0x68000000                     0x68000000   Section    983040  malloc.o(.ARM.__AT_0x68000000)
    .ARM.__AT_0x680F0000                     0x680f0000   Section    61440  malloc.o(.ARM.__AT_0x680F0000)

    Global Symbols

    Symbol Name                              Value     Ov Type        Size  Object(Section)

    BuildAttributes$$THM_ISAv4$E$P$D$K$B$S$7EM$VFPi3$EXTD16$VFPS$VFMA$PE$A:L22UL41UL21$X:L11$S22US41US21$IEEE1$IW$USESV6$~STKCKD$USESV7$~SHL$OTIME$ROPI$IEEEX$EBA8$MICROLIB$REQ8$PRES8$EABIv2 0x00000000   Number         0  anon$$obj.o ABSOLUTE
    __ARM_use_no_argv                        0x00000000   Number         0  main.o ABSOLUTE
    _printf_a                                0x00000000   Number         0  stubs.o ABSOLUTE
    _printf_c                                0x00000000   Number         0  stubs.o ABSOLUTE
    _printf_charcount                        0x00000000   Number         0  stubs.o ABSOLUTE
    _printf_d                                0x00000000   Number         0  stubs.o ABSOLUTE
    _printf_e                                0x00000000   Number         0  stubs.o ABSOLUTE
    _printf_f                                0x00000000   Number         0  stubs.o ABSOLUTE
    _printf_flags                            0x00000000   Number         0  stubs.o ABSOLUTE
    _printf_fp_dec                           0x00000000   Number         0  stubs.o ABSOLUTE
    _printf_fp_hex                           0x00000000   Number         0  stubs.o ABSOLUTE
    _printf_g                                0x00000000   Number         0  stubs.o ABSOLUTE
    _printf_i                                0x00000000   Number         0  stubs.o ABSOLUTE
    _printf_int_dec                          0x00000000   Number         0  stubs.o ABSOLUTE
    _printf_l                                0x00000000   Number         0  stubs.o ABSOLUTE
    _printf_lc                               0x00000000   Number         0  stubs.o ABSOLUTE
    _printf_ll                               0x00000000   Number         0  stubs.o ABSOLUTE
    _printf_lld                              0x00000000   Number         0  stubs.o ABSOLUTE
    _printf_lli                              0x00000000   Number         0  stubs.o ABSOLUTE
    _printf_llo                              0x00000000   Number         0  stubs.o ABSOLUTE
    _printf_llu                              0x00000000   Number         0  stubs.o ABSOLUTE
    _printf_llx                              0x00000000   Number         0  stubs.o ABSOLUTE
    _printf_longlong_dec                     0x00000000   Number         0  stubs.o ABSOLUTE
    _printf_longlong_hex                     0x00000000   Number         0  stubs.o ABSOLUTE
    _printf_longlong_oct                     0x00000000   Number         0  stubs.o ABSOLUTE
    _printf_ls                               0x00000000   Number         0  stubs.o ABSOLUTE
    _printf_mbtowc                           0x00000000   Number         0  stubs.o ABSOLUTE
    _printf_n                                0x00000000   Number         0  stubs.o ABSOLUTE
    _printf_o                                0x00000000   Number         0  stubs.o ABSOLUTE
    _printf_p                                0x00000000   Number         0  stubs.o ABSOLUTE
    _printf_percent                          0x00000000   Number         0  stubs.o ABSOLUTE
    _printf_pre_padding                      0x00000000   Number         0  stubs.o ABSOLUTE
    _printf_return_value                     0x00000000   Number         0  stubs.o ABSOLUTE
    _printf_s                                0x00000000   Number         0  stubs.o ABSOLUTE
    _printf_sizespec                         0x00000000   Number         0  stubs.o ABSOLUTE
    _printf_str                              0x00000000   Number         0  stubs.o ABSOLUTE
    _printf_truncate_signed                  0x00000000   Number         0  stubs.o ABSOLUTE
    _printf_truncate_unsigned                0x00000000   Number         0  stubs.o ABSOLUTE
    _printf_u                                0x00000000   Number         0  stubs.o ABSOLUTE
    _printf_wc                               0x00000000   Number         0  stubs.o ABSOLUTE
    _printf_wctomb                           0x00000000   Number         0  stubs.o ABSOLUTE
    _printf_widthprec                        0x00000000   Number         0  stubs.o ABSOLUTE
    _printf_x                                0x00000000   Number         0  stubs.o ABSOLUTE
    __cpp_initialize__aeabi_                  - Undefined Weak Reference
    __cxa_finalize                            - Undefined Weak Reference
    _clock_init                               - Undefined Weak Reference
    _microlib_exit                            - Undefined Weak Reference
    __Vectors_Size                           0x000001ac   Number         0  startup_stm32f427_437xx.o ABSOLUTE
    __Vectors                                0x08000000   Data           4  startup_stm32f427_437xx.o(RESET)
    __Vectors_End                            0x080001ac   Data           0  startup_stm32f427_437xx.o(RESET)
    __main                                   0x080001ad   Thumb Code     0  entry.o(.ARM.Collect$$$$00000000)
    _main_stk                                0x080001ad   Thumb Code     0  entry2.o(.ARM.Collect$$$$00000001)
    _main_scatterload                        0x080001b1   Thumb Code     0  entry5.o(.ARM.Collect$$$$00000004)
    __main_after_scatterload                 0x080001b5   Thumb Code     0  entry5.o(.ARM.Collect$$$$00000004)
    _main_clock                              0x080001b5   Thumb Code     0  entry7b.o(.ARM.Collect$$$$00000008)
    _main_cpp_init                           0x080001b5   Thumb Code     0  entry8b.o(.ARM.Collect$$$$0000000A)
    _main_init                               0x080001b5   Thumb Code     0  entry9a.o(.ARM.Collect$$$$0000000B)
    __rt_final_cpp                           0x080001bd   Thumb Code     0  entry10a.o(.ARM.Collect$$$$0000000D)
    __rt_final_exit                          0x080001bd   Thumb Code     0  entry11a.o(.ARM.Collect$$$$0000000F)
    __asm___5_sys_c_WFI_SET____REV16         0x080001c1   Thumb Code     4  sys.o(.emb_text)
    __asm___5_sys_c_WFI_SET____REVSH         0x080001c5   Thumb Code     4  sys.o(.emb_text)
    WFI_SET                                  0x080001c9   Thumb Code     2  sys.o(.emb_text)
    INTX_DISABLE                             0x080001cb   Thumb Code     4  sys.o(.emb_text)
    INTX_ENABLE                              0x080001cf   Thumb Code     4  sys.o(.emb_text)
    MSR_MSP                                  0x080001d3   Thumb Code     6  sys.o(.emb_text)
    SystemInit                               0x080002e9   Thumb Code    88  system_stm32f4xx.o(.text)
    SystemCoreClockUpdate                    0x08000341   Thumb Code   174  system_stm32f4xx.o(.text)
    Reset_Handler                            0x0800041d   Thumb Code     8  startup_stm32f427_437xx.o(.text)
    ADC_IRQHandler                           0x08000437   Thumb Code     0  startup_stm32f427_437xx.o(.text)
    CAN1_RX0_IRQHandler                      0x08000437   Thumb Code     0  startup_stm32f427_437xx.o(.text)
    CAN1_RX1_IRQHandler                      0x08000437   Thumb Code     0  startup_stm32f427_437xx.o(.text)
    CAN1_SCE_IRQHandler                      0x08000437   Thumb Code     0  startup_stm32f427_437xx.o(.text)
    CAN1_TX_IRQHandler                       0x08000437   Thumb Code     0  startup_stm32f427_437xx.o(.text)
    CAN2_RX0_IRQHandler                      0x08000437   Thumb Code     0  startup_stm32f427_437xx.o(.text)
    CAN2_RX1_IRQHandler                      0x08000437   Thumb Code     0  startup_stm32f427_437xx.o(.text)
    CAN2_SCE_IRQHandler                      0x08000437   Thumb Code     0  startup_stm32f427_437xx.o(.text)
    CAN2_TX_IRQHandler                       0x08000437   Thumb Code     0  startup_stm32f427_437xx.o(.text)
    CRYP_IRQHandler                          0x08000437   Thumb Code     0  startup_stm32f427_437xx.o(.text)
    DCMI_IRQHandler                          0x08000437   Thumb Code     0  startup_stm32f427_437xx.o(.text)
    DMA1_Stream0_IRQHandler                  0x08000437   Thumb Code     0  startup_stm32f427_437xx.o(.text)
    DMA1_Stream1_IRQHandler                  0x08000437   Thumb Code     0  startup_stm32f427_437xx.o(.text)
    DMA1_Stream2_IRQHandler                  0x08000437   Thumb Code     0  startup_stm32f427_437xx.o(.text)
    DMA1_Stream3_IRQHandler                  0x08000437   Thumb Code     0  startup_stm32f427_437xx.o(.text)
    DMA1_Stream4_IRQHandler                  0x08000437   Thumb Code     0  startup_stm32f427_437xx.o(.text)
    DMA1_Stream5_IRQHandler                  0x08000437   Thumb Code     0  startup_stm32f427_437xx.o(.text)
    DMA1_Stream6_IRQHandler                  0x08000437   Thumb Code     0  startup_stm32f427_437xx.o(.text)
    DMA1_Stream7_IRQHandler                  0x08000437   Thumb Code     0  startup_stm32f427_437xx.o(.text)
    DMA2D_IRQHandler                         0x08000437   Thumb Code     0  startup_stm32f427_437xx.o(.text)
    DMA2_Stream0_IRQHandler                  0x08000437   Thumb Code     0  startup_stm32f427_437xx.o(.text)
    DMA2_Stream1_IRQHandler                  0x08000437   Thumb Code     0  startup_stm32f427_437xx.o(.text)
    DMA2_Stream2_IRQHandler                  0x08000437   Thumb Code     0  startup_stm32f427_437xx.o(.text)
    DMA2_Stream3_IRQHandler                  0x08000437   Thumb Code     0  startup_stm32f427_437xx.o(.text)
    DMA2_Stream4_IRQHandler                  0x08000437   Thumb Code     0  startup_stm32f427_437xx.o(.text)
    DMA2_Stream5_IRQHandler                  0x08000437   Thumb Code     0  startup_stm32f427_437xx.o(.text)
    DMA2_Stream6_IRQHandler                  0x08000437   Thumb Code     0  startup_stm32f427_437xx.o(.text)
    DMA2_Stream7_IRQHandler                  0x08000437   Thumb Code     0  startup_stm32f427_437xx.o(.text)
    ETH_IRQHandler                           0x08000437   Thumb Code     0  startup_stm32f427_437xx.o(.text)
    ETH_WKUP_IRQHandler                      0x08000437   Thumb Code     0  startup_stm32f427_437xx.o(.text)
    EXTI0_IRQHandler                         0x08000437   Thumb Code     0  startup_stm32f427_437xx.o(.text)
    EXTI15_10_IRQHandler                     0x08000437   Thumb Code     0  startup_stm32f427_437xx.o(.text)
    EXTI1_IRQHandler                         0x08000437   Thumb Code     0  startup_stm32f427_437xx.o(.text)
    EXTI2_IRQHandler                         0x08000437   Thumb Code     0  startup_stm32f427_437xx.o(.text)
    EXTI3_IRQHandler                         0x08000437   Thumb Code     0  startup_stm32f427_437xx.o(.text)
    EXTI4_IRQHandler                         0x08000437   Thumb Code     0  startup_stm32f427_437xx.o(.text)
    EXTI9_5_IRQHandler                       0x08000437   Thumb Code     0  startup_stm32f427_437xx.o(.text)
    FLASH_IRQHandler                         0x08000437   Thumb Code     0  startup_stm32f427_437xx.o(.text)
    FMC_IRQHandler                           0x08000437   Thumb Code     0  startup_stm32f427_437xx.o(.text)
    FPU_IRQHandler                           0x08000437   Thumb Code     0  startup_stm32f427_437xx.o(.text)
    HASH_RNG_IRQHandler                      0x08000437   Thumb Code     0  startup_stm32f427_437xx.o(.text)
    I2C1_ER_IRQHandler                       0x08000437   Thumb Code     0  startup_stm32f427_437xx.o(.text)
    I2C1_EV_IRQHandler                       0x08000437   Thumb Code     0  startup_stm32f427_437xx.o(.text)
    I2C2_ER_IRQHandler                       0x08000437   Thumb Code     0  startup_stm32f427_437xx.o(.text)
    I2C2_EV_IRQHandler                       0x08000437   Thumb Code     0  startup_stm32f427_437xx.o(.text)
    I2C3_ER_IRQHandler                       0x08000437   Thumb Code     0  startup_stm32f427_437xx.o(.text)
    I2C3_EV_IRQHandler                       0x08000437   Thumb Code     0  startup_stm32f427_437xx.o(.text)
    OTG_FS_IRQHandler                        0x08000437   Thumb Code     0  startup_stm32f427_437xx.o(.text)
    OTG_FS_WKUP_IRQHandler                   0x08000437   Thumb Code     0  startup_stm32f427_437xx.o(.text)
    OTG_HS_EP1_IN_IRQHandler                 0x08000437   Thumb Code     0  startup_stm32f427_437xx.o(.text)
    OTG_HS_EP1_OUT_IRQHandler                0x08000437   Thumb Code     0  startup_stm32f427_437xx.o(.text)
    OTG_HS_IRQHandler                        0x08000437   Thumb Code     0  startup_stm32f427_437xx.o(.text)
    OTG_HS_WKUP_IRQHandler                   0x08000437   Thumb Code     0  startup_stm32f427_437xx.o(.text)
    PVD_IRQHandler                           0x08000437   Thumb Code     0  startup_stm32f427_437xx.o(.text)
    RCC_IRQHandler                           0x08000437   Thumb Code     0  startup_stm32f427_437xx.o(.text)
    RTC_Alarm_IRQHandler                     0x08000437   Thumb Code     0  startup_stm32f427_437xx.o(.text)
    RTC_WKUP_IRQHandler                      0x08000437   Thumb Code     0  startup_stm32f427_437xx.o(.text)
    SAI1_IRQHandler                          0x08000437   Thumb Code     0  startup_stm32f427_437xx.o(.text)
    SPI1_IRQHandler                          0x08000437   Thumb Code     0  startup_stm32f427_437xx.o(.text)
    SPI2_IRQHandler                          0x08000437   Thumb Code     0  startup_stm32f427_437xx.o(.text)
    SPI3_IRQHandler                          0x08000437   Thumb Code     0  startup_stm32f427_437xx.o(.text)
    SPI4_IRQHandler                          0x08000437   Thumb Code     0  startup_stm32f427_437xx.o(.text)
    SPI5_IRQHandler                          0x08000437   Thumb Code     0  startup_stm32f427_437xx.o(.text)
    SPI6_IRQHandler                          0x08000437   Thumb Code     0  startup_stm32f427_437xx.o(.text)
    TAMP_STAMP_IRQHandler                    0x08000437   Thumb Code     0  startup_stm32f427_437xx.o(.text)
    TIM1_BRK_TIM9_IRQHandler                 0x08000437   Thumb Code     0  startup_stm32f427_437xx.o(.text)
    TIM1_CC_IRQHandler                       0x08000437   Thumb Code     0  startup_stm32f427_437xx.o(.text)
    TIM1_TRG_COM_TIM11_IRQHandler            0x08000437   Thumb Code     0  startup_stm32f427_437xx.o(.text)
    TIM1_UP_TIM10_IRQHandler                 0x08000437   Thumb Code     0  startup_stm32f427_437xx.o(.text)
    TIM2_IRQHandler                          0x08000437   Thumb Code     0  startup_stm32f427_437xx.o(.text)
    TIM4_IRQHandler                          0x08000437   Thumb Code     0  startup_stm32f427_437xx.o(.text)
    TIM5_IRQHandler                          0x08000437   Thumb Code     0  startup_stm32f427_437xx.o(.text)
    TIM6_DAC_IRQHandler                      0x08000437   Thumb Code     0  startup_stm32f427_437xx.o(.text)
    TIM7_IRQHandler                          0x08000437   Thumb Code     0  startup_stm32f427_437xx.o(.text)
    TIM8_BRK_TIM12_IRQHandler                0x08000437   Thumb Code     0  startup_stm32f427_437xx.o(.text)
    TIM8_CC_IRQHandler                       0x08000437   Thumb Code     0  startup_stm32f427_437xx.o(.text)
    TIM8_TRG_COM_TIM14_IRQHandler            0x08000437   Thumb Code     0  startup_stm32f427_437xx.o(.text)
    TIM8_UP_TIM13_IRQHandler                 0x08000437   Thumb Code     0  startup_stm32f427_437xx.o(.text)
    UART4_IRQHandler                         0x08000437   Thumb Code     0  startup_stm32f427_437xx.o(.text)
    UART5_IRQHandler                         0x08000437   Thumb Code     0  startup_stm32f427_437xx.o(.text)
    UART7_IRQHandler                         0x08000437   Thumb Code     0  startup_stm32f427_437xx.o(.text)
    UART8_IRQHandler                         0x08000437   Thumb Code     0  startup_stm32f427_437xx.o(.text)
    USART1_IRQHandler                        0x08000437   Thumb Code     0  startup_stm32f427_437xx.o(.text)
    USART2_IRQHandler                        0x08000437   Thumb Code     0  startup_stm32f427_437xx.o(.text)
    USART3_IRQHandler                        0x08000437   Thumb Code     0  startup_stm32f427_437xx.o(.text)
    WWDG_IRQHandler                          0x08000437   Thumb Code     0  startup_stm32f427_437xx.o(.text)
    MyTimeDelay                              0x08000441   Thumb Code    34  main.o(.text)
    main                                     0x08000463   Thumb Code    74  main.o(.text)
    NMI_Handler                              0x080004bd   Thumb Code     2  stm32f4xx_it.o(.text)
    HardFault_Handler                        0x080004bf   Thumb Code     4  stm32f4xx_it.o(.text)
    MemManage_Handler                        0x080004c3   Thumb Code     4  stm32f4xx_it.o(.text)
    BusFault_Handler                         0x080004c7   Thumb Code     4  stm32f4xx_it.o(.text)
    UsageFault_Handler                       0x080004cb   Thumb Code     4  stm32f4xx_it.o(.text)
    SVC_Handler                              0x080004cf   Thumb Code     2  stm32f4xx_it.o(.text)
    DebugMon_Handler                         0x080004d1   Thumb Code     2  stm32f4xx_it.o(.text)
    PendSV_Handler                           0x080004d3   Thumb Code     2  stm32f4xx_it.o(.text)
    SysTick_Handler                          0x080004d5   Thumb Code     2  stm32f4xx_it.o(.text)
    NVIC_PriorityGroupConfig                 0x080004d9   Thumb Code    10  misc.o(.text)
    NVIC_Init                                0x080004e3   Thumb Code   106  misc.o(.text)
    NVIC_SetVectorTable                      0x0800054d   Thumb Code    14  misc.o(.text)
    NVIC_SystemLPConfig                      0x0800055b   Thumb Code    34  misc.o(.text)
    SysTick_CLKSourceConfig                  0x0800057d   Thumb Code    40  misc.o(.text)
    GPIO_DeInit                              0x080005b9   Thumb Code   268  stm32f4xx_gpio.o(.text)
    GPIO_Init                                0x080006c5   Thumb Code   144  stm32f4xx_gpio.o(.text)
    GPIO_StructInit                          0x08000755   Thumb Code    18  stm32f4xx_gpio.o(.text)
    GPIO_PinLockConfig                       0x08000767   Thumb Code    34  stm32f4xx_gpio.o(.text)
    GPIO_ReadInputDataBit                    0x08000789   Thumb Code    18  stm32f4xx_gpio.o(.text)
    GPIO_ReadInputData                       0x0800079b   Thumb Code     8  stm32f4xx_gpio.o(.text)
    GPIO_ReadOutputDataBit                   0x080007a3   Thumb Code    18  stm32f4xx_gpio.o(.text)
    GPIO_ReadOutputData                      0x080007b5   Thumb Code     8  stm32f4xx_gpio.o(.text)
    GPIO_SetBits                             0x080007bd   Thumb Code     4  stm32f4xx_gpio.o(.text)
    GPIO_ResetBits                           0x080007c1   Thumb Code     4  stm32f4xx_gpio.o(.text)
    GPIO_WriteBit                            0x080007c5   Thumb Code    10  stm32f4xx_gpio.o(.text)
    GPIO_Write                               0x080007cf   Thumb Code     4  stm32f4xx_gpio.o(.text)
    GPIO_ToggleBits                          0x080007d3   Thumb Code     8  stm32f4xx_gpio.o(.text)
    GPIO_PinAFConfig                         0x080007db   Thumb Code    70  stm32f4xx_gpio.o(.text)
    RCC_DeInit                               0x0800084d   Thumb Code    82  stm32f4xx_rcc.o(.text)
    RCC_HSEConfig                            0x0800089f   Thumb Code    14  stm32f4xx_rcc.o(.text)
    RCC_GetFlagStatus                        0x080008ad   Thumb Code    60  stm32f4xx_rcc.o(.text)
    RCC_WaitForHSEStartUp                    0x080008e9   Thumb Code    56  stm32f4xx_rcc.o(.text)
    RCC_AdjustHSICalibrationValue            0x08000921   Thumb Code    20  stm32f4xx_rcc.o(.text)
    RCC_HSICmd                               0x08000935   Thumb Code     6  stm32f4xx_rcc.o(.text)
    RCC_LSEConfig                            0x0800093b   Thumb Code    46  stm32f4xx_rcc.o(.text)
    RCC_LSICmd                               0x08000969   Thumb Code     6  stm32f4xx_rcc.o(.text)
    RCC_PLLConfig                            0x0800096f   Thumb Code    32  stm32f4xx_rcc.o(.text)
    RCC_PLLCmd                               0x0800098f   Thumb Code     6  stm32f4xx_rcc.o(.text)
    RCC_PLLI2SConfig                         0x08000995   Thumb Code    20  stm32f4xx_rcc.o(.text)
    RCC_PLLI2SCmd                            0x080009a9   Thumb Code     6  stm32f4xx_rcc.o(.text)
    RCC_PLLSAIConfig                         0x080009af   Thumb Code    20  stm32f4xx_rcc.o(.text)
    RCC_PLLSAICmd                            0x080009c3   Thumb Code     6  stm32f4xx_rcc.o(.text)
    RCC_ClockSecuritySystemCmd               0x080009c9   Thumb Code     6  stm32f4xx_rcc.o(.text)
    RCC_MCO1Config                           0x080009cf   Thumb Code    28  stm32f4xx_rcc.o(.text)
    RCC_MCO2Config                           0x080009eb   Thumb Code    28  stm32f4xx_rcc.o(.text)
    RCC_SYSCLKConfig                         0x08000a07   Thumb Code    20  stm32f4xx_rcc.o(.text)
    RCC_GetSYSCLKSource                      0x08000a1b   Thumb Code    12  stm32f4xx_rcc.o(.text)
    RCC_HCLKConfig                           0x08000a27   Thumb Code    20  stm32f4xx_rcc.o(.text)
    RCC_PCLK1Config                          0x08000a3b   Thumb Code    20  stm32f4xx_rcc.o(.text)
    RCC_PCLK2Config                          0x08000a4f   Thumb Code    22  stm32f4xx_rcc.o(.text)
    RCC_GetClocksFreq                        0x08000a65   Thumb Code   222  stm32f4xx_rcc.o(.text)
    RCC_RTCCLKConfig                         0x08000b43   Thumb Code    54  stm32f4xx_rcc.o(.text)
    RCC_RTCCLKCmd                            0x08000b79   Thumb Code     8  stm32f4xx_rcc.o(.text)
    RCC_BackupResetCmd                       0x08000b81   Thumb Code     8  stm32f4xx_rcc.o(.text)
    RCC_I2SCLKConfig                         0x08000b89   Thumb Code     6  stm32f4xx_rcc.o(.text)
    RCC_SAIPLLI2SClkDivConfig                0x08000b8f   Thumb Code    26  stm32f4xx_rcc.o(.text)
    RCC_SAIPLLSAIClkDivConfig                0x08000ba9   Thumb Code    28  stm32f4xx_rcc.o(.text)
    RCC_SAIBlockACLKConfig                   0x08000bc5   Thumb Code    20  stm32f4xx_rcc.o(.text)
    RCC_SAIBlockBCLKConfig                   0x08000bd9   Thumb Code    20  stm32f4xx_rcc.o(.text)
    RCC_LTDCCLKDivConfig                     0x08000bed   Thumb Code    20  stm32f4xx_rcc.o(.text)
    RCC_TIMCLKPresConfig                     0x08000c01   Thumb Code     6  stm32f4xx_rcc.o(.text)
    RCC_AHB1PeriphClockCmd                   0x08000c07   Thumb Code    82  stm32f4xx_rcc.o(.text)
    RCC_AHB2PeriphClockCmd                   0x08000c59   Thumb Code    26  stm32f4xx_rcc.o(.text)
    RCC_AHB3PeriphClockCmd                   0x08000c73   Thumb Code    34  stm32f4xx_rcc.o(.text)
    RCC_APB1PeriphClockCmd                   0x08000c95   Thumb Code    34  stm32f4xx_rcc.o(.text)
    RCC_APB2PeriphClockCmd                   0x08000cb7   Thumb Code    34  stm32f4xx_rcc.o(.text)
    RCC_AHB1PeriphResetCmd                   0x08000cd9   Thumb Code    34  stm32f4xx_rcc.o(.text)
    RCC_AHB2PeriphResetCmd                   0x08000cfb   Thumb Code    34  stm32f4xx_rcc.o(.text)
    RCC_AHB3PeriphResetCmd                   0x08000d1d   Thumb Code    34  stm32f4xx_rcc.o(.text)
    RCC_APB1PeriphResetCmd                   0x08000d3f   Thumb Code    34  stm32f4xx_rcc.o(.text)
    RCC_APB2PeriphResetCmd                   0x08000d61   Thumb Code    34  stm32f4xx_rcc.o(.text)
    RCC_AHB1PeriphClockLPModeCmd             0x08000d83   Thumb Code    34  stm32f4xx_rcc.o(.text)
    RCC_AHB2PeriphClockLPModeCmd             0x08000da5   Thumb Code    34  stm32f4xx_rcc.o(.text)
    RCC_AHB3PeriphClockLPModeCmd             0x08000dc7   Thumb Code    34  stm32f4xx_rcc.o(.text)
    RCC_APB1PeriphClockLPModeCmd             0x08000de9   Thumb Code    34  stm32f4xx_rcc.o(.text)
    RCC_APB2PeriphClockLPModeCmd             0x08000e0b   Thumb Code    34  stm32f4xx_rcc.o(.text)
    RCC_ITConfig                             0x08000e2d   Thumb Code    34  stm32f4xx_rcc.o(.text)
    RCC_ClearFlag                            0x08000e4f   Thumb Code    18  stm32f4xx_rcc.o(.text)
    RCC_GetITStatus                          0x08000e61   Thumb Code    22  stm32f4xx_rcc.o(.text)
    RCC_ClearITPendingBit                    0x08000e77   Thumb Code     8  stm32f4xx_rcc.o(.text)
    USART_DeInit                             0x08000e85   Thumb Code   206  stm32f4xx_usart.o(.text)
    USART_Init                               0x08000f53   Thumb Code   204  stm32f4xx_usart.o(.text)
    USART_StructInit                         0x0800101f   Thumb Code    24  stm32f4xx_usart.o(.text)
    USART_ClockInit                          0x08001037   Thumb Code    32  stm32f4xx_usart.o(.text)
    USART_ClockStructInit                    0x08001057   Thumb Code    12  stm32f4xx_usart.o(.text)
    USART_Cmd                                0x08001063   Thumb Code    24  stm32f4xx_usart.o(.text)
    USART_SetPrescaler                       0x0800107b   Thumb Code    16  stm32f4xx_usart.o(.text)
    USART_OverSampling8Cmd                   0x0800108b   Thumb Code    22  stm32f4xx_usart.o(.text)
    USART_OneBitMethodCmd                    0x080010a1   Thumb Code    24  stm32f4xx_usart.o(.text)
    USART_SendData                           0x080010b9   Thumb Code     8  stm32f4xx_usart.o(.text)
    USART_ReceiveData                        0x080010c1   Thumb Code    10  stm32f4xx_usart.o(.text)
    USART_SetAddress                         0x080010cb   Thumb Code    18  stm32f4xx_usart.o(.text)
    USART_ReceiverWakeUpCmd                  0x080010dd   Thumb Code    24  stm32f4xx_usart.o(.text)
    USART_WakeUpConfig                       0x080010f5   Thumb Code    18  stm32f4xx_usart.o(.text)
    USART_LINBreakDetectLengthConfig         0x08001107   Thumb Code    18  stm32f4xx_usart.o(.text)
    USART_LINCmd                             0x08001119   Thumb Code    24  stm32f4xx_usart.o(.text)
    USART_SendBreak                          0x08001131   Thumb Code    10  stm32f4xx_usart.o(.text)
    USART_HalfDuplexCmd                      0x0800113b   Thumb Code    24  stm32f4xx_usart.o(.text)
    USART_SetGuardTime                       0x08001153   Thumb Code    16  stm32f4xx_usart.o(.text)
    USART_SmartCardCmd                       0x08001163   Thumb Code    24  stm32f4xx_usart.o(.text)
    USART_SmartCardNACKCmd                   0x0800117b   Thumb Code    24  stm32f4xx_usart.o(.text)
    USART_IrDAConfig                         0x08001193   Thumb Code    18  stm32f4xx_usart.o(.text)
    USART_IrDACmd                            0x080011a5   Thumb Code    24  stm32f4xx_usart.o(.text)
    USART_DMACmd                             0x080011bd   Thumb Code    18  stm32f4xx_usart.o(.text)
    USART_ITConfig                           0x080011cf   Thumb Code    74  stm32f4xx_usart.o(.text)
    USART_GetFlagStatus                      0x08001219   Thumb Code    26  stm32f4xx_usart.o(.text)
    USART_ClearFlag                          0x08001233   Thumb Code    18  stm32f4xx_usart.o(.text)
    USART_GetITStatus                        0x08001245   Thumb Code   118  stm32f4xx_usart.o(.text)
    USART_ClearITPendingBit                  0x080012bb   Thumb Code    30  stm32f4xx_usart.o(.text)
    SPI_I2S_DeInit                           0x080012d9   Thumb Code   152  stm32f4xx_spi.o(.text)
    SPI_Init                                 0x08001371   Thumb Code    60  stm32f4xx_spi.o(.text)
    I2S_Init                                 0x080013ad   Thumb Code   350  stm32f4xx_spi.o(.text)
    SPI_StructInit                           0x0800150b   Thumb Code    24  stm32f4xx_spi.o(.text)
    I2S_StructInit                           0x08001523   Thumb Code    20  stm32f4xx_spi.o(.text)
    SPI_Cmd                                  0x08001537   Thumb Code    24  stm32f4xx_spi.o(.text)
    I2S_Cmd                                  0x0800154f   Thumb Code    24  stm32f4xx_spi.o(.text)
    SPI_DataSizeConfig                       0x08001567   Thumb Code    18  stm32f4xx_spi.o(.text)
    SPI_BiDirectionalLineConfig              0x08001579   Thumb Code    28  stm32f4xx_spi.o(.text)
    SPI_NSSInternalSoftwareConfig            0x08001595   Thumb Code    30  stm32f4xx_spi.o(.text)
    SPI_SSOutputCmd                          0x080015b3   Thumb Code    24  stm32f4xx_spi.o(.text)
    SPI_TIModeCmd                            0x080015cb   Thumb Code    24  stm32f4xx_spi.o(.text)
    I2S_FullDuplexConfig                     0x080015e3   Thumb Code    80  stm32f4xx_spi.o(.text)
    SPI_I2S_ReceiveData                      0x08001633   Thumb Code     6  stm32f4xx_spi.o(.text)
    SPI_I2S_SendData                         0x08001639   Thumb Code     4  stm32f4xx_spi.o(.text)
    SPI_CalculateCRC                         0x0800163d   Thumb Code    24  stm32f4xx_spi.o(.text)
    SPI_TransmitCRC                          0x08001655   Thumb Code    10  stm32f4xx_spi.o(.text)
    SPI_GetCRC                               0x0800165f   Thumb Code    16  stm32f4xx_spi.o(.text)
    SPI_GetCRCPolynomial                     0x0800166f   Thumb Code     6  stm32f4xx_spi.o(.text)
    SPI_I2S_DMACmd                           0x08001675   Thumb Code    18  stm32f4xx_spi.o(.text)
    SPI_I2S_ITConfig                         0x08001687   Thumb Code    32  stm32f4xx_spi.o(.text)
    SPI_I2S_GetFlagStatus                    0x080016a7   Thumb Code    50  stm32f4xx_spi.o(.text)
    SPI_I2S_ClearFlag                        0x080016d9   Thumb Code     6  stm32f4xx_spi.o(.text)
    SPI_I2S_GetITStatus                      0x080016df   Thumb Code    52  stm32f4xx_spi.o(.text)
    SPI_I2S_ClearITPendingBit                0x08001713   Thumb Code    20  stm32f4xx_spi.o(.text)
    SDIO_DeInit                              0x08001729   Thumb Code    22  stm32f4xx_sdio.o(.text)
    SDIO_Init                                0x0800173f   Thumb Code    42  stm32f4xx_sdio.o(.text)
    SDIO_StructInit                          0x08001769   Thumb Code    16  stm32f4xx_sdio.o(.text)
    SDIO_ClockCmd                            0x08001779   Thumb Code     6  stm32f4xx_sdio.o(.text)
    SDIO_SetPowerState                       0x0800177f   Thumb Code     8  stm32f4xx_sdio.o(.text)
    SDIO_GetPowerState                       0x08001787   Thumb Code    12  stm32f4xx_sdio.o(.text)
    SDIO_SendCommand                         0x08001793   Thumb Code    42  stm32f4xx_sdio.o(.text)
    SDIO_CmdStructInit                       0x080017bd   Thumb Code    14  stm32f4xx_sdio.o(.text)
    SDIO_GetCommandResponse                  0x080017cb   Thumb Code    10  stm32f4xx_sdio.o(.text)
    SDIO_GetResponse                         0x080017d5   Thumb Code    22  stm32f4xx_sdio.o(.text)
    SDIO_DataConfig                          0x080017eb   Thumb Code    48  stm32f4xx_sdio.o(.text)
    SDIO_DataStructInit                      0x0800181b   Thumb Code    20  stm32f4xx_sdio.o(.text)
    SDIO_GetDataCounter                      0x0800182f   Thumb Code     8  stm32f4xx_sdio.o(.text)
    SDIO_ReadData                            0x08001837   Thumb Code     8  stm32f4xx_sdio.o(.text)
    SDIO_WriteData                           0x0800183f   Thumb Code     8  stm32f4xx_sdio.o(.text)
    SDIO_GetFIFOCount                        0x08001847   Thumb Code     8  stm32f4xx_sdio.o(.text)
    SDIO_StartSDIOReadWait                   0x0800184f   Thumb Code     6  stm32f4xx_sdio.o(.text)
    SDIO_StopSDIOReadWait                    0x08001855   Thumb Code     8  stm32f4xx_sdio.o(.text)
    SDIO_SetSDIOReadWaitMode                 0x0800185d   Thumb Code     8  stm32f4xx_sdio.o(.text)
    SDIO_SetSDIOOperation                    0x08001865   Thumb Code     8  stm32f4xx_sdio.o(.text)
    SDIO_SendSDIOSuspendCmd                  0x0800186d   Thumb Code     6  stm32f4xx_sdio.o(.text)
    SDIO_CommandCompletionCmd                0x08001873   Thumb Code     8  stm32f4xx_sdio.o(.text)
    SDIO_CEATAITCmd                          0x0800187b   Thumb Code    12  stm32f4xx_sdio.o(.text)
    SDIO_SendCEATACmd                        0x08001887   Thumb Code     8  stm32f4xx_sdio.o(.text)
    SDIO_DMACmd                              0x0800188f   Thumb Code     8  stm32f4xx_sdio.o(.text)
    SDIO_ITConfig                            0x08001897   Thumb Code    34  stm32f4xx_sdio.o(.text)
    SDIO_GetFlagStatus                       0x080018b9   Thumb Code    22  stm32f4xx_sdio.o(.text)
    SDIO_ClearFlag                           0x080018cf   Thumb Code     8  stm32f4xx_sdio.o(.text)
    SDIO_GetITStatus                         0x080018d7   Thumb Code    22  stm32f4xx_sdio.o(.text)
    SDIO_ClearITPendingBit                   0x080018ed   Thumb Code     8  stm32f4xx_sdio.o(.text)
    TIM_DeInit                               0x08001905   Thumb Code   346  stm32f4xx_tim.o(.text)
    TIM_TimeBaseInit                         0x08001a5f   Thumb Code   104  stm32f4xx_tim.o(.text)
    TIM_TimeBaseStructInit                   0x08001ac7   Thumb Code    18  stm32f4xx_tim.o(.text)
    TIM_PrescalerConfig                      0x08001ad9   Thumb Code     6  stm32f4xx_tim.o(.text)
    TIM_CounterModeConfig                    0x08001adf   Thumb Code    18  stm32f4xx_tim.o(.text)
    TIM_SetCounter                           0x08001af1   Thumb Code     4  stm32f4xx_tim.o(.text)
    TIM_SetAutoreload                        0x08001af5   Thumb Code     4  stm32f4xx_tim.o(.text)
    TIM_GetCounter                           0x08001af9   Thumb Code     6  stm32f4xx_tim.o(.text)
    TIM_GetPrescaler                         0x08001aff   Thumb Code     6  stm32f4xx_tim.o(.text)
    TIM_UpdateDisableConfig                  0x08001b05   Thumb Code    24  stm32f4xx_tim.o(.text)
    TIM_UpdateRequestConfig                  0x08001b1d   Thumb Code    24  stm32f4xx_tim.o(.text)
    TIM_ARRPreloadConfig                     0x08001b35   Thumb Code    24  stm32f4xx_tim.o(.text)
    TIM_SelectOnePulseMode                   0x08001b4d   Thumb Code    18  stm32f4xx_tim.o(.text)
    TIM_SetClockDivision                     0x08001b5f   Thumb Code    18  stm32f4xx_tim.o(.text)
    TIM_Cmd                                  0x08001b71   Thumb Code    24  stm32f4xx_tim.o(.text)
    TIM_OC1Init                              0x08001b89   Thumb Code   114  stm32f4xx_tim.o(.text)
    TIM_OC2Init                              0x08001bfb   Thumb Code   154  stm32f4xx_tim.o(.text)
    TIM_OC3Init                              0x08001c95   Thumb Code   204  stm32f4xx_tim.o(.text)
    TIM_OC4Init                              0x08001d61   Thumb Code   112  stm32f4xx_tim.o(.text)
    TIM_OCStructInit                         0x08001dd1   Thumb Code    20  stm32f4xx_tim.o(.text)
    TIM_SelectOCxM                           0x08001de5   Thumb Code    86  stm32f4xx_tim.o(.text)
    TIM_SetCompare1                          0x08001e3b   Thumb Code     4  stm32f4xx_tim.o(.text)
    TIM_SetCompare2                          0x08001e3f   Thumb Code     4  stm32f4xx_tim.o(.text)
    TIM_SetCompare3                          0x08001e43   Thumb Code     4  stm32f4xx_tim.o(.text)
    TIM_SetCompare4                          0x08001e47   Thumb Code     4  stm32f4xx_tim.o(.text)
    TIM_ForcedOC1Config                      0x08001e4b   Thumb Code    18  stm32f4xx_tim.o(.text)
    TIM_ForcedOC2Config                      0x08001e5d   Thumb Code    26  stm32f4xx_tim.o(.text)
    TIM_ForcedOC3Config                      0x08001e77   Thumb Code    18  stm32f4xx_tim.o(.text)
    TIM_ForcedOC4Config                      0x08001e89   Thumb Code    26  stm32f4xx_tim.o(.text)
    TIM_OC1PreloadConfig                     0x08001ea3   Thumb Code    18  stm32f4xx_tim.o(.text)
    TIM_OC2PreloadConfig                     0x08001eb5   Thumb Code    26  stm32f4xx_tim.o(.text)
    TIM_OC3PreloadConfig                     0x08001ecf   Thumb Code    18  stm32f4xx_tim.o(.text)
    TIM_OC4PreloadConfig                     0x08001ee1   Thumb Code    26  stm32f4xx_tim.o(.text)
    TIM_OC1FastConfig                        0x08001efb   Thumb Code    18  stm32f4xx_tim.o(.text)
    TIM_OC2FastConfig                        0x08001f0d   Thumb Code    26  stm32f4xx_tim.o(.text)
    TIM_OC3FastConfig                        0x08001f27   Thumb Code    18  stm32f4xx_tim.o(.text)
    TIM_OC4FastConfig                        0x08001f39   Thumb Code    26  stm32f4xx_tim.o(.text)
    TIM_ClearOC1Ref                          0x08001f53   Thumb Code    18  stm32f4xx_tim.o(.text)
    TIM_ClearOC2Ref                          0x08001f65   Thumb Code    24  stm32f4xx_tim.o(.text)
    TIM_ClearOC3Ref                          0x08001f7d   Thumb Code    18  stm32f4xx_tim.o(.text)
    TIM_ClearOC4Ref                          0x08001f8f   Thumb Code    24  stm32f4xx_tim.o(.text)
    TIM_OC1PolarityConfig                    0x08001fa7   Thumb Code    18  stm32f4xx_tim.o(.text)
    TIM_OC1NPolarityConfig                   0x08001fb9   Thumb Code    18  stm32f4xx_tim.o(.text)
    TIM_OC2PolarityConfig                    0x08001fcb   Thumb Code    26  stm32f4xx_tim.o(.text)
    TIM_OC2NPolarityConfig                   0x08001fe5   Thumb Code    26  stm32f4xx_tim.o(.text)
    TIM_OC3PolarityConfig                    0x08001fff   Thumb Code    26  stm32f4xx_tim.o(.text)
    TIM_OC3NPolarityConfig                   0x08002019   Thumb Code    26  stm32f4xx_tim.o(.text)
    TIM_OC4PolarityConfig                    0x08002033   Thumb Code    26  stm32f4xx_tim.o(.text)
    TIM_CCxCmd                               0x0800204d   Thumb Code    30  stm32f4xx_tim.o(.text)
    TIM_CCxNCmd                              0x0800206b   Thumb Code    30  stm32f4xx_tim.o(.text)
    TIM_SetIC4Prescaler                      0x08002089   Thumb Code    26  stm32f4xx_tim.o(.text)
    TIM_SetIC3Prescaler                      0x080020f3   Thumb Code    18  stm32f4xx_tim.o(.text)
    TIM_SetIC2Prescaler                      0x0800214d   Thumb Code    26  stm32f4xx_tim.o(.text)
    TIM_SetIC1Prescaler                      0x080021c1   Thumb Code    18  stm32f4xx_tim.o(.text)
    TIM_ICInit                               0x0800220d   Thumb Code   110  stm32f4xx_tim.o(.text)
    TIM_ICStructInit                         0x0800227b   Thumb Code    18  stm32f4xx_tim.o(.text)
    TIM_PWMIConfig                           0x0800228d   Thumb Code   124  stm32f4xx_tim.o(.text)
    TIM_GetCapture1                          0x08002309   Thumb Code     6  stm32f4xx_tim.o(.text)
    TIM_GetCapture2                          0x0800230f   Thumb Code     6  stm32f4xx_tim.o(.text)
    TIM_GetCapture3                          0x08002315   Thumb Code     6  stm32f4xx_tim.o(.text)
    TIM_GetCapture4                          0x0800231b   Thumb Code     6  stm32f4xx_tim.o(.text)
    TIM_BDTRConfig                           0x08002321   Thumb Code    32  stm32f4xx_tim.o(.text)
    TIM_BDTRStructInit                       0x08002341   Thumb Code    18  stm32f4xx_tim.o(.text)
    TIM_CtrlPWMOutputs                       0x08002353   Thumb Code    30  stm32f4xx_tim.o(.text)
    TIM_SelectCOM                            0x08002371   Thumb Code    24  stm32f4xx_tim.o(.text)
    TIM_CCPreloadControl                     0x08002389   Thumb Code    24  stm32f4xx_tim.o(.text)
    TIM_ITConfig                             0x080023a1   Thumb Code    18  stm32f4xx_tim.o(.text)
    TIM_GenerateEvent                        0x080023b3   Thumb Code     4  stm32f4xx_tim.o(.text)
    TIM_GetFlagStatus                        0x080023b7   Thumb Code    18  stm32f4xx_tim.o(.text)
    TIM_ClearFlag                            0x080023c9   Thumb Code     6  stm32f4xx_tim.o(.text)
    TIM_GetITStatus                          0x080023cf   Thumb Code    34  stm32f4xx_tim.o(.text)
    TIM_ClearITPendingBit                    0x080023f1   Thumb Code     6  stm32f4xx_tim.o(.text)
    TIM_DMAConfig                            0x080023f7   Thumb Code    10  stm32f4xx_tim.o(.text)
    TIM_DMACmd                               0x08002401   Thumb Code    18  stm32f4xx_tim.o(.text)
    TIM_SelectCCDMA                          0x08002413   Thumb Code    24  stm32f4xx_tim.o(.text)
    TIM_InternalClockConfig                  0x0800242b   Thumb Code    12  stm32f4xx_tim.o(.text)
    TIM_SelectInputTrigger                   0x08002437   Thumb Code    18  stm32f4xx_tim.o(.text)
    TIM_ITRxExternalClockConfig              0x08002449   Thumb Code    24  stm32f4xx_tim.o(.text)
    TIM_TIxExternalClockConfig               0x08002461   Thumb Code    62  stm32f4xx_tim.o(.text)
    TIM_ETRConfig                            0x0800249f   Thumb Code    28  stm32f4xx_tim.o(.text)
    TIM_ETRClockMode1Config                  0x080024bb   Thumb Code    54  stm32f4xx_tim.o(.text)
    TIM_ETRClockMode2Config                  0x080024f1   Thumb Code    32  stm32f4xx_tim.o(.text)
    TIM_SelectOutputTrigger                  0x08002511   Thumb Code    18  stm32f4xx_tim.o(.text)
    TIM_SelectSlaveMode                      0x08002523   Thumb Code    18  stm32f4xx_tim.o(.text)
    TIM_SelectMasterSlaveMode                0x08002535   Thumb Code    18  stm32f4xx_tim.o(.text)
    TIM_EncoderInterfaceConfig               0x08002547   Thumb Code    66  stm32f4xx_tim.o(.text)
    TIM_SelectHallSensor                     0x08002589   Thumb Code    24  stm32f4xx_tim.o(.text)
    TIM_RemapConfig                          0x080025a1   Thumb Code     6  stm32f4xx_tim.o(.text)
    DMA_DeInit                               0x080025a9   Thumb Code   324  stm32f4xx_dma.o(.text)
    DMA_Init                                 0x080026ed   Thumb Code    82  stm32f4xx_dma.o(.text)
    DMA_StructInit                           0x0800273f   Thumb Code    34  stm32f4xx_dma.o(.text)
    DMA_Cmd                                  0x08002761   Thumb Code    22  stm32f4xx_dma.o(.text)
    DMA_PeriphIncOffsetSizeConfig            0x08002777   Thumb Code    22  stm32f4xx_dma.o(.text)
    DMA_FlowControllerConfig                 0x0800278d   Thumb Code    22  stm32f4xx_dma.o(.text)
    DMA_SetCurrDataCounter                   0x080027a3   Thumb Code     4  stm32f4xx_dma.o(.text)
    DMA_GetCurrDataCounter                   0x080027a7   Thumb Code     8  stm32f4xx_dma.o(.text)
    DMA_DoubleBufferModeConfig               0x080027af   Thumb Code    24  stm32f4xx_dma.o(.text)
    DMA_DoubleBufferModeCmd                  0x080027c7   Thumb Code    22  stm32f4xx_dma.o(.text)
    DMA_MemoryTargetConfig                   0x080027dd   Thumb Code    10  stm32f4xx_dma.o(.text)
    DMA_GetCurrentMemoryTarget               0x080027e7   Thumb Code    20  stm32f4xx_dma.o(.text)
    DMA_GetCmdStatus                         0x080027fb   Thumb Code    20  stm32f4xx_dma.o(.text)
    DMA_GetFIFOStatus                        0x0800280f   Thumb Code    12  stm32f4xx_dma.o(.text)
    DMA_GetFlagStatus                        0x0800281b   Thumb Code    56  stm32f4xx_dma.o(.text)
    DMA_ClearFlag                            0x08002853   Thumb Code    40  stm32f4xx_dma.o(.text)
    DMA_ITConfig                             0x0800287b   Thumb Code    58  stm32f4xx_dma.o(.text)
    DMA_GetITStatus                          0x080028b5   Thumb Code    84  stm32f4xx_dma.o(.text)
    DMA_ClearITPendingBit                    0x08002909   Thumb Code    40  stm32f4xx_dma.o(.text)
    Spi_Init                                 0x08002951   Thumb Code   172  spi.o(.text)
    SPI1_SetSpeed                            0x080029fd   Thumb Code    36  spi.o(.text)
    SPI1_ReadWriteByte                       0x08002a21   Thumb Code    52  spi.o(.text)
    Uart_init                                0x08002a5d   Thumb Code   142  uart.o(.text)
    fputc                                    0x08002aeb   Thumb Code    32  uart.o(.text)
    Usart3_SendData                          0x08002b0b   Thumb Code    16  uart.o(.text)
    usart3_send_data                         0x08002b1b   Thumb Code    28  uart.o(.text)
    CRC_CHECK                                0x08002b37   Thumb Code    58  uart.o(.text)
    OutPut_Data                              0x08002b71   Thumb Code   192  uart.o(.text)
    MPU6000_CS_init                          0x08002c3d   Thumb Code    56  mpu6000.o(.text)
    MPU6000_Init                             0x08002d13   Thumb Code   386  mpu6000.o(.text)
    MPU6000_Get_Original_Value               0x08002f4b   Thumb Code    74  mpu6000.o(.text)
    Gyroscope_Bias                           0x08002f95   Thumb Code   334  mpu6000.o(.text)
    Accelerometer_Bias                       0x080030e3   Thumb Code   152  mpu6000.o(.text)
    delay_init                               0x08003181   Thumb Code    52  delay.o(.text)
    delay_us                                 0x080031b5   Thumb Code    72  delay.o(.text)
    delay_xms                                0x080031fd   Thumb Code    72  delay.o(.text)
    delay_ms                                 0x08003245   Thumb Code    56  delay.o(.text)
    TIM3_Int_Init                            0x08003285   Thumb Code    94  tim.o(.text)
    time_1ms_task_loop                       0x080032e3   Thumb Code   286  tim.o(.text)
    time_2ms_task_loop                       0x08003401   Thumb Code   112  tim.o(.text)
    TIM3_IRQHandler                          0x08003471   Thumb Code    94  tim.o(.text)
    SDIO_Register_Deinit                     0x0800351d   Thumb Code    48  sdio_sdcard.o(.text)
    SD_SetDeviceMode                         0x0800354d   Thumb Code    20  sdio_sdcard.o(.text)
    SDIO_Clock_Set                           0x08003561   Thumb Code    18  sdio_sdcard.o(.text)
    CmdResp1Error                            0x08003573   Thumb Code    96  sdio_sdcard.o(.text)
    FindSCR                                  0x080035d3   Thumb Code   390  sdio_sdcard.o(.text)
    SDEnWideBus                              0x08003759   Thumb Code   160  sdio_sdcard.o(.text)
    SD_EnableWideBusOperation                0x080037f9   Thumb Code    98  sdio_sdcard.o(.text)
    SD_SelectDeselect                        0x0800385b   Thumb Code    42  sdio_sdcard.o(.text)
    SD_GetCardInfo                           0x08003885   Thumb Code   806  sdio_sdcard.o(.text)
    CmdResp2Error                            0x08003bab   Thumb Code    80  sdio_sdcard.o(.text)
    CmdResp6Error                            0x08003bfb   Thumb Code   144  sdio_sdcard.o(.text)
    SD_InitializeCards                       0x08003c8b   Thumb Code   354  sdio_sdcard.o(.text)
    CmdResp3Error                            0x08003ded   Thumb Code    52  sdio_sdcard.o(.text)
    CmdResp7Error                            0x08003e21   Thumb Code    72  sdio_sdcard.o(.text)
    CmdError                                 0x08003e69   Thumb Code    48  sdio_sdcard.o(.text)
    SD_PowerON                               0x08003e99   Thumb Code   460  sdio_sdcard.o(.text)
    SD_Init                                  0x08004065   Thumb Code   334  sdio_sdcard.o(.text)
    SD_PowerOFF                              0x080041b3   Thumb Code    12  sdio_sdcard.o(.text)
    SD_DMA_Config                            0x080041bf   Thumb Code   118  sdio_sdcard.o(.text)
    convert_from_bytes_to_power_of_two       0x08004235   Thumb Code    18  sdio_sdcard.o(.text)
    SD_ReadBlock                             0x08004247   Thumb Code   578  sdio_sdcard.o(.text)
    SD_ReadMultiBlocks                       0x08004489   Thumb Code   762  sdio_sdcard.o(.text)
    IsCardProgramming                        0x08004783   Thumb Code   150  sdio_sdcard.o(.text)
    SD_WriteBlock                            0x08004819   Thumb Code   914  sdio_sdcard.o(.text)
    SD_WriteMultiBlocks                      0x08004bab   Thumb Code   976  sdio_sdcard.o(.text)
    SD_ProcessIRQSrc                         0x08004f7b   Thumb Code   322  sdio_sdcard.o(.text)
    SDIO_IRQHandler                          0x080050bd   Thumb Code     8  sdio_sdcard.o(.text)
    SD_SendStatus                            0x080050c5   Thumb Code    74  sdio_sdcard.o(.text)
    SD_GetState                              0x0800510f   Thumb Code    26  sdio_sdcard.o(.text)
    SD_ReadDisk                              0x08005129   Thumb Code   192  sdio_sdcard.o(.text)
    SD_WriteDisk                             0x080051e9   Thumb Code   152  sdio_sdcard.o(.text)
    LED_Init                                 0x08005289   Thumb Code   104  led.o(.text)
    USART6_Config                            0x080052f9   Thumb Code   186  communication.o(.text)
    USART6_IRQHandler                        0x080053b3   Thumb Code   220  communication.o(.text)
    Usart6_SendData                          0x0800548f   Thumb Code    16  communication.o(.text)
    usart_send_data                          0x0800549f   Thumb Code    28  communication.o(.text)
    BSP_initialization                       0x080054e1   Thumb Code    38  bsp.o(.text)
    Sensor_Calibration                       0x08005507   Thumb Code    60  bsp.o(.text)
    Parameter_loading                        0x08005543   Thumb Code   150  bsp.o(.text)
    Moving_Average_Filter                    0x080055f5   Thumb Code   516  filtering_algorithm.o(.text)
    IIR_Digital_Filter                       0x080057f9   Thumb Code     2  filtering_algorithm.o(.text)
    Kalman_Filter                            0x080057fb   Thumb Code     2  filtering_algorithm.o(.text)
    AHRS_Update                              0x08005821   Thumb Code  1942  attitude_algorithm.o(.text)
    Rsqrt                                    0x08005fe1   Thumb Code    88  math_algorithm.o(.text)
    Rsqrt_reciprocal                         0x08006039   Thumb Code    64  math_algorithm.o(.text)
    VariableParameter                        0x08006079   Thumb Code   138  math_algorithm.o(.text)
    my_abs                                   0x08006103   Thumb Code    26  math_algorithm.o(.text)
    fast_atan2                               0x0800611d   Thumb Code   350  math_algorithm.o(.text)
    my_atan                                  0x0800627b   Thumb Code    24  math_algorithm.o(.text)
    my_pow                                   0x08006293   Thumb Code    10  math_algorithm.o(.text)
    mx_sin                                   0x0800629d   Thumb Code   292  math_algorithm.o(.text)
    my_sin                                   0x080063c1   Thumb Code   210  math_algorithm.o(.text)
    my_cos                                   0x08006493   Thumb Code   136  math_algorithm.o(.text)
    my_deathzoom                             0x0800651b   Thumb Code    62  math_algorithm.o(.text)
    To_180_degrees                           0x08006559   Thumb Code    58  math_algorithm.o(.text)
    Calculate_target_amount                  0x080065a9   Thumb Code   266  control_algorithm.o(.text)
    Angle_Control_loop                       0x080066b3   Thumb Code   790  control_algorithm.o(.text)
    Angle_speed_control_loop                 0x080069c9   Thumb Code   462  control_algorithm.o(.text)
    Motor_Control                            0x08006b97   Thumb Code   668  control_algorithm.o(.text)
    Motor_Send_task                          0x08006e33   Thumb Code   102  control_algorithm.o(.text)
    Motor_Send_stop_task                     0x08006e99   Thumb Code    76  control_algorithm.o(.text)
    __aeabi_memcpy                           0x08006ef5   Thumb Code    36  memcpya.o(.text)
    __aeabi_memcpy4                          0x08006ef5   Thumb Code     0  memcpya.o(.text)
    __aeabi_memcpy8                          0x08006ef5   Thumb Code     0  memcpya.o(.text)
    __aeabi_dadd                             0x08006f19   Thumb Code   322  dadd.o(.text)
    __aeabi_dsub                             0x0800705b   Thumb Code     6  dadd.o(.text)
    __aeabi_drsub                            0x08007061   Thumb Code     6  dadd.o(.text)
    __aeabi_dmul                             0x08007067   Thumb Code   228  dmul.o(.text)
    __aeabi_i2d                              0x0800714b   Thumb Code    34  dflti.o(.text)
    __aeabi_d2uiz                            0x0800716d   Thumb Code    50  dfixui.o(.text)
    __aeabi_f2d                              0x0800719f   Thumb Code    38  f2d.o(.text)
    __aeabi_cdcmpeq                          0x080071c5   Thumb Code     0  cdcmple.o(.text)
    __aeabi_cdcmple                          0x080071c5   Thumb Code    48  cdcmple.o(.text)
    __aeabi_cdrcmple                         0x080071f5   Thumb Code    48  cdrcmple.o(.text)
    __aeabi_d2f                              0x08007225   Thumb Code    56  d2f.o(.text)
    __aeabi_llsl                             0x0800725d   Thumb Code    30  llshl.o(.text)
    _ll_shift_l                              0x0800725d   Thumb Code     0  llshl.o(.text)
    __aeabi_llsr                             0x0800727b   Thumb Code    32  llushr.o(.text)
    _ll_ushift_r                             0x0800727b   Thumb Code     0  llushr.o(.text)
    __aeabi_lasr                             0x0800729b   Thumb Code    36  llsshr.o(.text)
    _ll_sshift_r                             0x0800729b   Thumb Code     0  llsshr.o(.text)
    __I$use$fp                               0x080072bf   Thumb Code     0  iusefp.o(.text)
    _float_round                             0x080072bf   Thumb Code    18  fepilogue.o(.text)
    _float_epilogue                          0x080072d1   Thumb Code    92  fepilogue.o(.text)
    _double_round                            0x0800732d   Thumb Code    30  depilogue.o(.text)
    _double_epilogue                         0x0800734b   Thumb Code   156  depilogue.o(.text)
    __aeabi_ddiv                             0x080073e7   Thumb Code   222  ddiv.o(.text)
    __scatterload                            0x080074c5   Thumb Code    28  init.o(.text)
    __scatterload_rt2                        0x080074c5   Thumb Code     0  init.o(.text)
    _dsqrt                                   0x080074e9   Thumb Code   162  dsqrt.o(.text)
    __decompress                             0x0800758b   Thumb Code     0  __dczerorl2.o(.text)
    __decompress1                            0x0800758b   Thumb Code    86  __dczerorl2.o(.text)
    __ARM_fpclassify                         0x080075e1   Thumb Code    48  fpclassify.o(i.__ARM_fpclassify)
    __hardfp_asin                            0x08007611   Thumb Code   770  asin.o(i.__hardfp_asin)
    __hardfp_atan                            0x08007971   Thumb Code   622  atan.o(i.__hardfp_atan)
    __hardfp_atan2                           0x08007c49   Thumb Code   432  atan2.o(i.__hardfp_atan2)
    __kernel_poly                            0x08007e39   Thumb Code   248  poly.o(i.__kernel_poly)
    __mathlib_dbl_infnan                     0x08007f31   Thumb Code    20  dunder.o(i.__mathlib_dbl_infnan)
    __mathlib_dbl_infnan2                    0x08007f45   Thumb Code    20  dunder.o(i.__mathlib_dbl_infnan2)
    __mathlib_dbl_invalid                    0x08007f59   Thumb Code    24  dunder.o(i.__mathlib_dbl_invalid)
    __mathlib_dbl_underflow                  0x08007f79   Thumb Code    24  dunder.o(i.__mathlib_dbl_underflow)
    __scatterload_copy                       0x08007f99   Thumb Code    14  handlers.o(i.__scatterload_copy)
    __scatterload_null                       0x08007fa7   Thumb Code     2  handlers.o(i.__scatterload_null)
    __scatterload_zeroinit                   0x08007fa9   Thumb Code    14  handlers.o(i.__scatterload_zeroinit)
    __set_errno                              0x08007fb9   Thumb Code     6  errno.o(i.__set_errno)
    atan                                     0x08007fc5   Thumb Code    16  atan.o(i.atan)
    fabs                                     0x08007fd5   Thumb Code    24  fabs.o(i.fabs)
    sqrt                                     0x08007fed   Thumb Code   110  sqrt.o(i.sqrt)
    __mathlib_zero                           0x08008148   Data           8  qnan.o(.constdata)
    Region$$Table$$Base                      0x08008150   Number         0  anon$$obj.o(Region$$Table)
    Region$$Table$$Limit                     0x08008170   Number         0  anon$$obj.o(Region$$Table)
    mem3base                                 0x10000000   Data       61440  malloc.o(.ARM.__AT_0x10000000)
    mem3mapbase                              0x1000f000   Data        3840  malloc.o(.ARM.__AT_0x1000F000)
    SystemCoreClock                          0x20000000   Data           4  system_stm32f4xx.o(.data)
    AHBPrescTable                            0x20000004   Data          16  system_stm32f4xx.o(.data)
    table                                    0x20000028   Data           1  tim.o(.data)
    ROLL                                     0x2000002c   Data           4  tim.o(.data)
    YAW                                      0x20000030   Data           4  tim.o(.data)
    PIT                                      0x20000034   Data           4  tim.o(.data)
    HALF_T                                   0x20000038   Data           4  tim.o(.data)
    GYRO_transition                          0x2000003c   Data           6  tim.o(.data)
    ACCE_transition                          0x20000042   Data           6  tim.o(.data)
    time_2_ms                                0x20000048   Data           4  tim.o(.data)
    time_3_ms                                0x2000004c   Data           4  tim.o(.data)
    motor_send_table                         0x20000050   Data           1  tim.o(.data)
    TransferError                            0x2000005e   Data           1  sdio_sdcard.o(.data)
    TransferEnd                              0x2000005f   Data           1  sdio_sdcard.o(.data)
    tempbuff                                 0x20000060   Data           4  sdio_sdcard.o(.data)
    check_sum                                0x20000064   Data           1  communication.o(.data)
    RX_number                                0x20000065   Data           1  communication.o(.data)
    Count_number                             0x20000066   Data           1  communication.o(.data)
    receive_table_value                      0x20000067   Data           1  communication.o(.data)
    give_data_table                          0x20000068   Data           1  communication.o(.data)
    MA_Filter_cnt                            0x2000006c   Data           4  filtering_algorithm.o(.data)
    MA_FILTER_Sum_1                          0x20000070   Data           4  filtering_algorithm.o(.data)
    MA_FILTER_Sum_2                          0x20000074   Data           4  filtering_algorithm.o(.data)
    MA_FILTER_Sum_3                          0x20000078   Data           4  filtering_algorithm.o(.data)
    MA_FILTER_Sum_4                          0x2000007c   Data           4  filtering_algorithm.o(.data)
    MA_FILTER_Sum_5                          0x20000080   Data           4  filtering_algorithm.o(.data)
    MA_FILTER_Sum_6                          0x20000084   Data           4  filtering_algorithm.o(.data)
    Quaternion_q                             0x20000088   Data          16  attitude_algorithm.o(.data)
    gravity_X                                0x20000098   Data           4  attitude_algorithm.o(.data)
    gravity_Y                                0x2000009c   Data           4  attitude_algorithm.o(.data)
    gravity_Z                                0x200000a0   Data           4  attitude_algorithm.o(.data)
    norm_acce                                0x200000a4   Data           4  attitude_algorithm.o(.data)
    norm_quaternion                          0x200000a8   Data           4  attitude_algorithm.o(.data)
    Err_X                                    0x200000ac   Data           4  attitude_algorithm.o(.data)
    Err_Y                                    0x200000b0   Data           4  attitude_algorithm.o(.data)
    Err_Z                                    0x200000b4   Data           4  attitude_algorithm.o(.data)
    GyrX                                     0x200000c4   Data           4  attitude_algorithm.o(.data)
    GyrY                                     0x200000c8   Data           4  attitude_algorithm.o(.data)
    GyrZ                                     0x200000cc   Data           4  attitude_algorithm.o(.data)
    fast_atan_table                          0x200000d0   Data        1028  math_algorithm.o(.data)
    Altiude_min_table                        0x200004d4   Data           1  control_algorithm.o(.data)
    execute_frequency                        0x200004d5   Data           1  control_algorithm.o(.data)
    Pitch_output                             0x200004d6   Data           2  control_algorithm.o(.data)
    Roll_output                              0x200004d8   Data           2  control_algorithm.o(.data)
    Yaw_output                               0x200004da   Data           2  control_algorithm.o(.data)
    Throttle                                 0x200004dc   Data           2  control_algorithm.o(.data)
    Throttle_value                           0x200004e0   Data           4  control_algorithm.o(.data)
    motor_tc                                 0x200004e8   Data          14  main.o(.bss)
    OutData                                  0x200004f8   Data          16  uart.o(.bss)
    SDIO_InitStructure                       0x20000508   Data          24  sdio_sdcard.o(.bss)
    SDIO_CmdInitStructure                    0x20000520   Data          20  sdio_sdcard.o(.bss)
    SDIO_DataInitStructure                   0x20000534   Data          24  sdio_sdcard.o(.bss)
    SDCardInfo                               0x20000570   Data          88  sdio_sdcard.o(.bss)
    SDIO_DATA_BUFFER                         0x200005c8   Data         512  sdio_sdcard.o(.bss)
    RC_bf                                    0x200007c8   Data          18  communication.o(.bss)
    RX_buffer                                0x200007da   Data          18  communication.o(.bss)
    Gyro_value                               0x200007ec   Data          12  bsp.o(.bss)
    Accel_value                              0x200007f8   Data          12  bsp.o(.bss)
    MS5611_PROM_DATA_SHARED                  0x20000804   Data          16  bsp.o(.bss)
    FM25V01_ID                               0x20000814   Data           9  bsp.o(.bss)
    Gyro_sensor                              0x20000820   Data          48  bsp.o(.bss)
    Acce_sensor                              0x20000850   Data          48  bsp.o(.bss)
    Inside_link                              0x20000880   Data         132  bsp.o(.bss)
    Outside_link                             0x20000904   Data         132  bsp.o(.bss)
    MA_Filter_Buffer_first                   0x20000988   Data         132  filtering_algorithm.o(.bss)
    MA_Filter_Buffer_second                  0x20000a0c   Data         252  filtering_algorithm.o(.bss)
    Motor_channel                            0x20000b08   Data          12  control_algorithm.o(.bss)
    control_target_value                     0x20000b14   Data          16  control_algorithm.o(.bss)
    __initial_sp                             0x20000f28   Data           0  startup_stm32f427_437xx.o(STACK)
    mem2base                                 0x68000000   Data       983040  malloc.o(.ARM.__AT_0x68000000)
    mem2mapbase                              0x680f0000   Data       61440  malloc.o(.ARM.__AT_0x680F0000)



==============================================================================

Memory Map of the image

  Image Entry point : 0x080001ad

  Load Region LR_IROM1 (Base: 0x08000000, Size: 0x00008658, Max: 0x00200000, ABSOLUTE, COMPRESSED[0x0000859c])

    Execution Region ER_IROM1 (Base: 0x08000000, Size: 0x00008170, Max: 0x00200000, ABSOLUTE)

    Base Addr    Size         Type   Attr      Idx    E Section Name        Object

    0x08000000   0x000001ac   Data   RO          134    RESET               startup_stm32f427_437xx.o
    0x080001ac   0x00000000   Code   RO         1355  * .ARM.Collect$$$$00000000  mc_w.l(entry.o)
    0x080001ac   0x00000004   Code   RO         1698    .ARM.Collect$$$$00000001  mc_w.l(entry2.o)
    0x080001b0   0x00000004   Code   RO         1701    .ARM.Collect$$$$00000004  mc_w.l(entry5.o)
    0x080001b4   0x00000000   Code   RO         1703    .ARM.Collect$$$$00000008  mc_w.l(entry7b.o)
    0x080001b4   0x00000000   Code   RO         1705    .ARM.Collect$$$$0000000A  mc_w.l(entry8b.o)
    0x080001b4   0x00000008   Code   RO         1706    .ARM.Collect$$$$0000000B  mc_w.l(entry9a.o)
    0x080001bc   0x00000000   Code   RO         1708    .ARM.Collect$$$$0000000D  mc_w.l(entry10a.o)
    0x080001bc   0x00000000   Code   RO         1710    .ARM.Collect$$$$0000000F  mc_w.l(entry11a.o)
    0x080001bc   0x00000004   Code   RO         1699    .ARM.Collect$$$$00002712  mc_w.l(entry2.o)
    0x080001c0   0x00000018   Code   RO          842    .emb_text           sys.o
    0x080001d8   0x00000244   Code   RO            2    .text               system_stm32f4xx.o
    0x0800041c   0x00000024   Code   RO          135    .text               startup_stm32f427_437xx.o
    0x08000440   0x0000007c   Code   RO          140    .text               main.o
    0x080004bc   0x0000001a   Code   RO          239    .text               stm32f4xx_it.o
    0x080004d6   0x00000002   PAD
    0x080004d8   0x000000e0   Code   RO          258    .text               misc.o
    0x080005b8   0x00000294   Code   RO          274    .text               stm32f4xx_gpio.o
    0x0800084c   0x00000638   Code   RO          290    .text               stm32f4xx_rcc.o
    0x08000e84   0x00000454   Code   RO          308    .text               stm32f4xx_usart.o
    0x080012d8   0x0000044e   Code   RO          324    .text               stm32f4xx_spi.o
    0x08001726   0x00000002   PAD
    0x08001728   0x000001dc   Code   RO          340    .text               stm32f4xx_sdio.o
    0x08001904   0x00000ca2   Code   RO          356    .text               stm32f4xx_tim.o
    0x080025a6   0x00000002   PAD
    0x080025a8   0x000003a8   Code   RO          372    .text               stm32f4xx_dma.o
    0x08002950   0x0000010c   Code   RO          791    .text               spi.o
    0x08002a5c   0x000001e0   Code   RO          807    .text               uart.o
    0x08002c3c   0x00000544   Code   RO          827    .text               mpu6000.o
    0x08003180   0x00000104   Code   RO          853    .text               delay.o
    0x08003284   0x00000298   Code   RO          887    .text               tim.o
    0x0800351c   0x00001d6c   Code   RO          917    .text               sdio_sdcard.o
    0x08005288   0x00000070   Code   RO          947    .text               led.o
    0x080052f8   0x000001e8   Code   RO         1043    .text               communication.o
    0x080054e0   0x00000114   Code   RO         1063    .text               bsp.o
    0x080055f4   0x0000022c   Code   RO         1243    .text               filtering_algorithm.o
    0x08005820   0x000007c0   Code   RO         1263    .text               attitude_algorithm.o
    0x08005fe0   0x000005c8   Code   RO         1286    .text               math_algorithm.o
    0x080065a8   0x0000094c   Code   RO         1305    .text               control_algorithm.o
    0x08006ef4   0x00000024   Code   RO         1360    .text               mc_w.l(memcpya.o)
    0x08006f18   0x0000014e   Code   RO         1629    .text               mf_w.l(dadd.o)
    0x08007066   0x000000e4   Code   RO         1631    .text               mf_w.l(dmul.o)
    0x0800714a   0x00000022   Code   RO         1635    .text               mf_w.l(dflti.o)
    0x0800716c   0x00000032   Code   RO         1637    .text               mf_w.l(dfixui.o)
    0x0800719e   0x00000026   Code   RO         1639    .text               mf_w.l(f2d.o)
    0x080071c4   0x00000030   Code   RO         1641    .text               mf_w.l(cdcmple.o)
    0x080071f4   0x00000030   Code   RO         1643    .text               mf_w.l(cdrcmple.o)
    0x08007224   0x00000038   Code   RO         1645    .text               mf_w.l(d2f.o)
    0x0800725c   0x0000001e   Code   RO         1717    .text               mc_w.l(llshl.o)
    0x0800727a   0x00000020   Code   RO         1719    .text               mc_w.l(llushr.o)
    0x0800729a   0x00000024   Code   RO         1721    .text               mc_w.l(llsshr.o)
    0x080072be   0x00000000   Code   RO         1730    .text               mc_w.l(iusefp.o)
    0x080072be   0x0000006e   Code   RO         1731    .text               mf_w.l(fepilogue.o)
    0x0800732c   0x000000ba   Code   RO         1733    .text               mf_w.l(depilogue.o)
    0x080073e6   0x000000de   Code   RO         1735    .text               mf_w.l(ddiv.o)
    0x080074c4   0x00000024   Code   RO         1739    .text               mc_w.l(init.o)
    0x080074e8   0x000000a2   Code   RO         1741    .text               mf_w.l(dsqrt.o)
    0x0800758a   0x00000056   Code   RO         1751    .text               mc_w.l(__dczerorl2.o)
    0x080075e0   0x00000030   Code   RO         1681    i.__ARM_fpclassify  m_wm.l(fpclassify.o)
    0x08007610   0x00000360   Code   RO         1329    i.__hardfp_asin     m_wm.l(asin.o)
    0x08007970   0x000002d8   Code   RO         1647    i.__hardfp_atan     m_wm.l(atan.o)
    0x08007c48   0x000001f0   Code   RO         1343    i.__hardfp_atan2    m_wm.l(atan2.o)
    0x08007e38   0x000000f8   Code   RO         1683    i.__kernel_poly     m_wm.l(poly.o)
    0x08007f30   0x00000014   Code   RO         1662    i.__mathlib_dbl_infnan  m_wm.l(dunder.o)
    0x08007f44   0x00000014   Code   RO         1663    i.__mathlib_dbl_infnan2  m_wm.l(dunder.o)
    0x08007f58   0x00000020   Code   RO         1664    i.__mathlib_dbl_invalid  m_wm.l(dunder.o)
    0x08007f78   0x00000020   Code   RO         1667    i.__mathlib_dbl_underflow  m_wm.l(dunder.o)
    0x08007f98   0x0000000e   Code   RO         1745    i.__scatterload_copy  mc_w.l(handlers.o)
    0x08007fa6   0x00000002   Code   RO         1746    i.__scatterload_null  mc_w.l(handlers.o)
    0x08007fa8   0x0000000e   Code   RO         1747    i.__scatterload_zeroinit  mc_w.l(handlers.o)
    0x08007fb6   0x00000002   PAD
    0x08007fb8   0x0000000c   Code   RO         1725    i.__set_errno       mc_w.l(errno.o)
    0x08007fc4   0x00000010   Code   RO         1649    i.atan              m_wm.l(atan.o)
    0x08007fd4   0x00000018   Code   RO         1677    i.fabs              m_wm.l(fabs.o)
    0x08007fec   0x0000006e   Code   RO         1688    i.sqrt              m_wm.l(sqrt.o)
    0x0800805a   0x00000006   PAD
    0x08008060   0x00000050   Data   RO         1332    .constdata          m_wm.l(asin.o)
    0x080080b0   0x00000098   Data   RO         1650    .constdata          m_wm.l(atan.o)
    0x08008148   0x00000008   Data   RO         1685    .constdata          m_wm.l(qnan.o)
    0x08008150   0x00000020   Data   RO         1743    Region$$Table       anon$$obj.o


    Execution Region RW_IRAM1 (Base: 0x20000000, Size: 0x00000f28, Max: 0x00030000, ABSOLUTE, COMPRESSED[0x0000042c])

    Base Addr    Size         Type   Attr      Idx    E Section Name        Object

    0x20000000   0x00000014   Data   RW            3    .data               system_stm32f4xx.o
    0x20000014   0x00000010   Data   RW          291    .data               stm32f4xx_rcc.o
    0x20000024   0x00000004   Data   RW          854    .data               delay.o
    0x20000028   0x0000002c   Data   RW          888    .data               tim.o
    0x20000054   0x00000010   Data   RW          919    .data               sdio_sdcard.o
    0x20000064   0x00000005   Data   RW         1045    .data               communication.o
    0x20000069   0x00000003   PAD
    0x2000006c   0x0000001c   Data   RW         1245    .data               filtering_algorithm.o
    0x20000088   0x00000048   Data   RW         1264    .data               attitude_algorithm.o
    0x200000d0   0x00000404   Data   RW         1287    .data               math_algorithm.o
    0x200004d4   0x00000010   Data   RW         1307    .data               control_algorithm.o
    0x200004e4   0x00000004   Data   RW         1726    .data               mc_w.l(errno.o)
    0x200004e8   0x0000000e   Zero   RW          141    .bss                main.o
    0x200004f6   0x00000002   PAD
    0x200004f8   0x00000010   Zero   RW          808    .bss                uart.o
    0x20000508   0x000002c0   Zero   RW          918    .bss                sdio_sdcard.o
    0x200007c8   0x00000024   Zero   RW         1044    .bss                communication.o
    0x200007ec   0x0000019c   Zero   RW         1064    .bss                bsp.o
    0x20000988   0x00000180   Zero   RW         1244    .bss                filtering_algorithm.o
    0x20000b08   0x0000001c   Zero   RW         1306    .bss                control_algorithm.o
    0x20000b24   0x00000004   PAD
    0x20000b28   0x00000400   Zero   RW          132    STACK               startup_stm32f427_437xx.o



  Load Region LR$$.ARM.__AT_0x10000000 (Base: 0x10000000, Size: 0x00000000, Max: 0x0000f000, ABSOLUTE)

    Execution Region ER$$.ARM.__AT_0x10000000 (Base: 0x10000000, Size: 0x0000f000, Max: 0x0000f000, ABSOLUTE, UNINIT)

    Base Addr    Size         Type   Attr      Idx    E Section Name        Object

    0x10000000   0x0000f000   Zero   RW         1216    .ARM.__AT_0x10000000  malloc.o



  Load Region LR$$.ARM.__AT_0x1000F000 (Base: 0x1000f000, Size: 0x00000000, Max: 0x00000f00, ABSOLUTE)

    Execution Region ER$$.ARM.__AT_0x1000F000 (Base: 0x1000f000, Size: 0x00000f00, Max: 0x00000f00, ABSOLUTE, UNINIT)

    Base Addr    Size         Type   Attr      Idx    E Section Name        Object

    0x1000f000   0x00000f00   Zero   RW         1217    .ARM.__AT_0x1000F000  malloc.o



  Load Region LR$$.ARM.__AT_0x68000000 (Base: 0x68000000, Size: 0x00000000, Max: 0x000f0000, ABSOLUTE)

    Execution Region ER$$.ARM.__AT_0x68000000 (Base: 0x68000000, Size: 0x000f0000, Max: 0x000f0000, ABSOLUTE, UNINIT)

    Base Addr    Size         Type   Attr      Idx    E Section Name        Object

    0x68000000   0x000f0000   Zero   RW         1218    .ARM.__AT_0x68000000  malloc.o



  Load Region LR$$.ARM.__AT_0x680F0000 (Base: 0x680f0000, Size: 0x00000000, Max: 0x0000f000, ABSOLUTE)

    Execution Region ER$$.ARM.__AT_0x680F0000 (Base: 0x680f0000, Size: 0x0000f000, Max: 0x0000f000, ABSOLUTE, UNINIT)

    Base Addr    Size         Type   Attr      Idx    E Section Name        Object

    0x680f0000   0x0000f000   Zero   RW         1219    .ARM.__AT_0x680F0000  malloc.o


==============================================================================

Image component sizes


      Code (inc. data)   RO Data    RW Data    ZI Data      Debug   Object Name

      1984        122          0         72          0       2454   attitude_algorithm.o
       276         28          0          0        412      10888   bsp.o
       488         38          0          5         36       2457   communication.o
      2380        140          0         16         28       5050   control_algorithm.o
       260          8          0          4          0       1413   delay.o
       556         36          0         28        384       2248   filtering_algorithm.o
       112          8          0          0          0        543   led.o
       124         16          0          0         14       6246   main.o
         0          0          0          0    1109760       1766   malloc.o
      1480        122          0       1028          0       4783   math_algorithm.o
       224         20          0          0          0       1881   misc.o
      1348         14          0          0          0       4152   mpu6000.o
      7532        286          0         16        704      24909   sdio_sdcard.o
       268          8          0          0          0       1324   spi.o
        36          8        428          0       1024        912   startup_stm32f427_437xx.o
       936         32          0          0          0       6357   stm32f4xx_dma.o
       660         44          0          0          0       4153   stm32f4xx_gpio.o
        26          0          0          0          0       1226   stm32f4xx_it.o
      1592         54          0         16          0      12862   stm32f4xx_rcc.o
       476         16          0          0          0       7448   stm32f4xx_sdio.o
      1102         32          0          0          0       6921   stm32f4xx_spi.o
      3234         60          0          0          0      22356   stm32f4xx_tim.o
      1108         34          0          0          0       7856   stm32f4xx_usart.o
        24          0          0          0          0        628   sys.o
       580         46          0         20          0     319663   system_stm32f4xx.o
       664         78          0         44          0       2273   tim.o
       480         12          0          0         16       2875   uart.o

    ----------------------------------------------------------------------
     27956       1262        460       1252    1112384     465644   Object Totals
         0          0         32          0          0          0   (incl. Generated)
         6          0          0          3          6          0   (incl. Padding)

    ----------------------------------------------------------------------

      Code (inc. data)   RO Data    RW Data    ZI Data      Debug   Library Member Name

       864         94         80          0          0        280   asin.o
       744        106        152          0          0        352   atan.o
       496         64          0          0          0        192   atan2.o
       104         16          0          0          0        496   dunder.o
        24          0          0          0          0        124   fabs.o
        48          0          0          0          0        124   fpclassify.o
       248          0          0          0          0        152   poly.o
         0          0          8          0          0          0   qnan.o
       110          0          0          0          0        148   sqrt.o
        86          0          0          0          0          0   __dczerorl2.o
         0          0          0          0          0          0   entry.o
         0          0          0          0          0          0   entry10a.o
         0          0          0          0          0          0   entry11a.o
         8          4          0          0          0          0   entry2.o
         4          0          0          0          0          0   entry5.o
         0          0          0          0          0          0   entry7b.o
         0          0          0          0          0          0   entry8b.o
         8          4          0          0          0          0   entry9a.o
        12          6          0          4          0         68   errno.o
        30          0          0          0          0          0   handlers.o
        36          8          0          0          0         68   init.o
         0          0          0          0          0          0   iusefp.o
        30          0          0          0          0         68   llshl.o
        36          0          0          0          0         68   llsshr.o
        32          0          0          0          0         68   llushr.o
        36          0          0          0          0         68   memcpya.o
        48          0          0          0          0         68   cdcmple.o
        48          0          0          0          0         68   cdrcmple.o
        56          0          0          0          0         88   d2f.o
       334          0          0          0          0        148   dadd.o
       222          0          0          0          0        100   ddiv.o
       186          0          0          0          0        176   depilogue.o
        50          0          0          0          0         76   dfixui.o
        34          0          0          0          0         76   dflti.o
       228          0          0          0          0         96   dmul.o
       162          0          0          0          0        100   dsqrt.o
        38          0          0          0          0         68   f2d.o
       110          0          0          0          0        168   fepilogue.o

    ----------------------------------------------------------------------
      4480        302        240          4          0       3508   Library Totals
         8          0          0          0          0          0   (incl. Padding)

    ----------------------------------------------------------------------

      Code (inc. data)   RO Data    RW Data    ZI Data      Debug   Library Name

      2638        280        240          0          0       1868   m_wm.l
       318         22          0          4          0        408   mc_w.l
      1516          0          0          0          0       1232   mf_w.l

    ----------------------------------------------------------------------
      4480        302        240          4          0       3508   Library Totals

    ----------------------------------------------------------------------

==============================================================================


      Code (inc. data)   RO Data    RW Data    ZI Data      Debug   

     32436       1564        700       1256    1112384     462356   Grand Totals
     32436       1564        700       1068    1112384     462356   ELF Image Totals (compressed)
     32436       1564        700       1068          0          0   ROM Totals

==============================================================================

    Total RO  Size (Code + RO Data)                33136 (  32.36kB)
    Total RW  Size (RW Data + ZI Data)           1113640 (1087.54kB)
    Total ROM Size (Code + RO Data + RW Data)      34204 (  33.40kB)

==============================================================================

